Component: ARM Compiler 5.06 update 5 (build 528) Tool: armlink [4d35e2]

==============================================================================

Section Cross References

    startup_stm32f103xe.o(STACK) refers (Special) to heapauxi.o(.text) for __use_two_region_memory
    startup_stm32f103xe.o(HEAP) refers (Special) to heapauxi.o(.text) for __use_two_region_memory
    startup_stm32f103xe.o(RESET) refers (Special) to heapauxi.o(.text) for __use_two_region_memory
    startup_stm32f103xe.o(RESET) refers to startup_stm32f103xe.o(STACK) for __initial_sp
    startup_stm32f103xe.o(RESET) refers to startup_stm32f103xe.o(.text) for Reset_Handler
    startup_stm32f103xe.o(RESET) refers to stm32f1xx_it.o(i.NMI_Handler) for NMI_Handler
    startup_stm32f103xe.o(RESET) refers to stm32f1xx_it.o(i.HardFault_Handler) for HardFault_Handler
    startup_stm32f103xe.o(RESET) refers to stm32f1xx_it.o(i.MemManage_Handler) for MemManage_Handler
    startup_stm32f103xe.o(RESET) refers to stm32f1xx_it.o(i.BusFault_Handler) for BusFault_Handler
    startup_stm32f103xe.o(RESET) refers to stm32f1xx_it.o(i.UsageFault_Handler) for UsageFault_Handler
    startup_stm32f103xe.o(RESET) refers to stm32f1xx_it.o(i.SVC_Handler) for SVC_Handler
    startup_stm32f103xe.o(RESET) refers to stm32f1xx_it.o(i.DebugMon_Handler) for DebugMon_Handler
    startup_stm32f103xe.o(RESET) refers to stm32f1xx_it.o(i.PendSV_Handler) for PendSV_Handler
    startup_stm32f103xe.o(RESET) refers to stm32f1xx_it.o(i.SysTick_Handler) for SysTick_Handler
    startup_stm32f103xe.o(RESET) refers to usart.o(i.USART1_IRQHandler) for USART1_IRQHandler
    startup_stm32f103xe.o(.text) refers (Special) to heapauxi.o(.text) for __use_two_region_memory
    startup_stm32f103xe.o(.text) refers to system_stm32f1xx.o(i.SystemInit) for SystemInit
    startup_stm32f103xe.o(.text) refers to __main.o(!!!main) for __main
    startup_stm32f103xe.o(.text) refers to startup_stm32f103xe.o(HEAP) for Heap_Mem
    startup_stm32f103xe.o(.text) refers to startup_stm32f103xe.o(STACK) for Stack_Mem
    main.o(i.all_init) refers to stm32f1xx_hal.o(i.HAL_Init) for HAL_Init
    main.o(i.all_init) refers to sys.o(i.sys_stm32_clock_init) for sys_stm32_clock_init
    main.o(i.all_init) refers to delay.o(i.delay_init) for delay_init
    main.o(i.all_init) refers to usart.o(i.usart_init) for usart_init
    main.o(i.all_init) refers to led.o(i.led_init) for led_init
    main.o(i.all_init) refers to lcd.o(i.lcd_init) for lcd_init
    main.o(i.all_init) refers to joypad.o(i.joypad_init) for joypad_init
    main.o(i.all_init) refers to lcd.o(i.lcd_clear) for lcd_clear
    main.o(i.all_init) refers to rendering.o(i.init_frame_buffers) for init_frame_buffers
    main.o(i.all_init) refers to gui.o(i.draw_start_page) for draw_start_page
    main.o(i.all_init) refers to util.o(i.KEY0_to_skip) for KEY0_to_skip
    main.o(i.all_init) refers to main.o(i.init_interface_info) for init_interface_info
    main.o(i.all_init) refers to gui.o(i.init_play_interface) for init_play_interface
    main.o(i.all_init) refers to main.o(.bss) for back_buffer
    main.o(i.draw_all_through_struct) refers to gui.o(i.draw_play_all) for draw_play_all
    main.o(i.draw_all_through_struct) refers to main.o(.bss) for back_buffer
    main.o(i.init_interface_info) refers to main.o(.bss) for interface
    main.o(i.init_interface_info_second_time) refers to main.o(.bss) for interface
    main.o(i.main) refers to main.o(i.all_init) for all_init
    main.o(i.main) refers to main.o(i.draw_all_through_struct) for draw_all_through_struct
    main.o(i.main) refers to delay.o(i.delay_ms) for delay_ms
    main.o(i.main) refers to joypad.o(i.debounced_joypad_read) for debounced_joypad_read
    main.o(i.main) refers to run.o(i.bomb_all_enemy_plane) for bomb_all_enemy_plane
    main.o(i.main) refers to gui.o(i.draw_stop) for draw_stop
    main.o(i.main) refers to draw_base.o(i.LCD_ShowString) for LCD_ShowString
    main.o(i.main) refers to run.o(i.clear_all_enemy_plane) for clear_all_enemy_plane
    main.o(i.main) refers to run.o(i.switch_my_act) for switch_my_act
    main.o(i.main) refers to run.o(i.update_my_buttles) for update_my_buttles
    main.o(i.main) refers to run.o(i.update_enemy_planes) for update_enemy_planes
    main.o(i.main) refers to run.o(i.update_enemy_buttles) for update_enemy_buttles
    main.o(i.main) refers to run.o(i.generate_enemy_planes) for generate_enemy_planes
    main.o(i.main) refers to run.o(i.generate_enemy_buttles) for generate_enemy_buttles
    main.o(i.main) refers to run.o(i.check_my_plane_to_enemy_plane_collide) for check_my_plane_to_enemy_plane_collide
    main.o(i.main) refers to run.o(i.check_my_plane_to_enemy_buttles_collide) for check_my_plane_to_enemy_buttles_collide
    main.o(i.main) refers to run.o(i.check_my_buttles_to_enemy_plane_collide) for check_my_buttles_to_enemy_plane_collide
    main.o(i.main) refers to run.o(i.move_boss) for move_boss
[...]
    i.sys_stm32_clock_init                   0x080081fc   Section        0  sys.o(i.sys_stm32_clock_init)
    i.time                                   0x08008264   Section        0  graph.o(i.time)
    i.update_enemy_buttles                   0x08008284   Section        0  run.o(i.update_enemy_buttles)
    i.update_enemy_planes                    0x080082f4   Section        0  run.o(i.update_enemy_planes)
    i.update_my_buttles                      0x08008362   Section        0  run.o(i.update_my_buttles)
    i.update_sys_tick                        0x080083cc   Section        0  graph.o(i.update_sys_tick)
    i.usart_init                             0x080083dc   Section        0  usart.o(i.usart_init)
    x$fpl$dadd                               0x08008414   Section      336  daddsub_clz.o(x$fpl$dadd)
    _dadd1                                   0x08008425   Thumb Code     0  daddsub_clz.o(x$fpl$dadd)
    x$fpl$dcheck1                            0x08008564   Section       16  dcheck1.o(x$fpl$dcheck1)
    x$fpl$ddiv                               0x08008574   Section      688  ddiv.o(x$fpl$ddiv)
    ddiv_entry                               0x0800857b   Thumb Code     0  ddiv.o(x$fpl$ddiv)
    x$fpl$dfix                               0x08008824   Section       94  dfix.o(x$fpl$dfix)
    x$fpl$dfixu                              0x08008884   Section       90  dfixu.o(x$fpl$dfixu)
    x$fpl$dflt                               0x080088de   Section       46  dflt_clz.o(x$fpl$dflt)
    x$fpl$dfltu                              0x0800890c   Section       38  dflt_clz.o(x$fpl$dfltu)
    x$fpl$dmul                               0x08008934   Section      340  dmul.o(x$fpl$dmul)
    x$fpl$dnaninf                            0x08008a88   Section      156  dnaninf.o(x$fpl$dnaninf)
    x$fpl$dretinf                            0x08008b24   Section       12  dretinf.o(x$fpl$dretinf)
    x$fpl$drsb                               0x08008b30   Section       22  daddsub_clz.o(x$fpl$drsb)
    x$fpl$dsub                               0x08008b48   Section      468  daddsub_clz.o(x$fpl$dsub)
    _dsub1                                   0x08008b59   Thumb Code     0  daddsub_clz.o(x$fpl$dsub)
    x$fpl$f2d                                0x08008d1c   Section       86  f2d.o(x$fpl$f2d)
    x$fpl$fdiv                               0x08008d74   Section      388  fdiv.o(x$fpl$fdiv)
    _fdiv1                                   0x08008d75   Thumb Code     0  fdiv.o(x$fpl$fdiv)
    x$fpl$fflt                               0x08008ef8   Section       48  fflt_clz.o(x$fpl$fflt)
    x$fpl$fmul                               0x08008f28   Section      258  fmul.o(x$fpl$fmul)
    x$fpl$fnaninf                            0x0800902a   Section      140  fnaninf.o(x$fpl$fnaninf)
    x$fpl$fretinf                            0x080090b6   Section       10  fretinf.o(x$fpl$fretinf)
    x$fpl$retnan                             0x080090c0   Section      100  retnan.o(x$fpl$retnan)
    x$fpl$scalbn                             0x08009124   Section       92  scalbn.o(x$fpl$scalbn)
    x$fpl$trapveneer                         0x08009180   Section       48  trapv.o(x$fpl$trapveneer)
    .constdata                               0x080091b0   Section       24  system_stm32f1xx.o(.constdata)
    x$fpl$usenofp                            0x080091b0   Section        0  usenofp.o(x$fpl$usenofp)
    .constdata                               0x080091c8   Section    12160  lcd.o(.constdata)
    .constdata                               0x0800c148   Section        6  rendering.o(.constdata)
    .constdata                               0x0800c14e   Section       40  _printf_hex_int.o(.constdata)
    uc_hextab                                0x0800c14e   Data          20  _printf_hex_int.o(.constdata)
    lc_hextab                                0x0800c162   Data          20  _printf_hex_int.o(.constdata)
    .constdata                               0x0800c178   Section       48  cos_i.o(.constdata)
    C                                        0x0800c178   Data          48  cos_i.o(.constdata)
    .constdata                               0x0800c1a8   Section      200  rred.o(.constdata)
    pio2s                                    0x0800c1a8   Data          48  rred.o(.constdata)
    twooverpi                                0x0800c1d8   Data         152  rred.o(.constdata)
    .constdata                               0x0800c270   Section       40  sin_i.o(.constdata)
    S                                        0x0800c270   Data          40  sin_i.o(.constdata)
    .data                                    0x20000000   Section        4  system_stm32f1xx.o(.data)
    .data                                    0x20000004   Section        4  delay.o(.data)
    g_fac_us                                 0x20000004   Data           4  delay.o(.data)
    .data                                    0x20000008   Section        7  usart.o(.data)
    .data                                    0x20000010   Section        9  stm32f1xx_hal.o(.data)
    .data                                    0x2000001c   Section        8  lcd.o(.data)
    .data                                    0x20000024   Section        5  joypad.o(.data)
    key_up                                   0x20000028   Data           1  joypad.o(.data)
    .data                                    0x2000002c   Section       52  graph.o(.data)
    sys_tick                                 0x2000002c   Data           4  graph.o(.data)
    .data                                    0x20000060   Section       32  gui.o(.data)
    last_score                               0x20000060   Data           4  gui.o(.data)
    last_life                                0x20000064   Data           4  gui.o(.data)
    last_bomb                                0x20000068   Data           4  gui.o(.data)
    last_my_plane                            0x2000006c   Data           8  gui.o(.data)
    last_boss                                0x20000074   Data           8  gui.o(.data)
    first_frame                              0x2000007c   Data           4  gui.o(.data)
    .data                                    0x20000080   Section        4  rendering.o(.data)
    current_target                           0x20000080   Data           4  rendering.o(.data)
    .data                                    0x20000084   Section       16  run.o(.data)
    .bss                                     0x20000094   Section     4172  main.o(.bss)
    front_buffer                             0x200010b8   Data          20  main.o(.bss)
    back_buffer                              0x200010cc   Data          20  main.o(.bss)
    .bss                                     0x200010e0   Section      264  usart.o(.bss)
    .bss                                     0x200011e8   Section       86  lcd.o(.bss)
    .bss                                     0x20001240   Section      228  rand.o(.bss)
    .bss                                     0x20001324   Section       96  libspace.o(.bss)
    HEAP                                     0x20001388   Section      512  startup_stm32f103xe.o(HEAP)
    Heap_Mem                                 0x20001388   Data         512  startup_stm32f103xe.o(HEAP)
    STACK                                    0x20001588   Section     1024  startup_stm32f103xe.o(STACK)
    Stack_Mem                                0x20001588   Data        1024  startup_stm32f103xe.o(STACK)
    __initial_sp                             0x20001988   Data           0  startup_stm32f103xe.o(STACK)

    Global Symbols

    Symbol Name                              Value     Ov Type        Size  Object(Section)

    BuildAttributes$$THM_ISAv4$P$D$K$B$S$PE$A:L22UL41UL21$X:L11$S22US41US21$IEEE1$IW$USESV6$~STKCKD$USESV7$~SHL$OTIME$ROPI$IEEEX$EBA8$UX$STANDARDLIB$REQ8$PRES8$EABIv2 0x00000000   Number         0  anon$$obj.o ABSOLUTE
    __ARM_use_no_argv                        0x00000000   Number         0  main.o ABSOLUTE
    __ARM_exceptions_init                     - Undefined Weak Reference
    __alloca_initialize                       - Undefined Weak Reference
    __arm_preinit_                            - Undefined Weak Reference
    __cpp_initialize__aeabi_                  - Undefined Weak Reference
    __cxa_finalize                            - Undefined Weak Reference
    __rt_locale                               - Undefined Weak Reference
    __sigvec_lookup                           - Undefined Weak Reference
    __user_heap_extent                        - Undefined Weak Reference
    _atexit_init                              - Undefined Weak Reference
    _call_atexit_fns                          - Undefined Weak Reference
    _clock_init                               - Undefined Weak Reference
    _fp_trap_init                             - Undefined Weak Reference
    _fp_trap_shutdown                         - Undefined Weak Reference
    _get_lc_collate                           - Undefined Weak Reference
    _get_lc_ctype                             - Undefined Weak Reference
    _get_lc_monetary                          - Undefined Weak Reference
    _get_lc_numeric                           - Undefined Weak Reference
    _get_lc_time                              - Undefined Weak Reference
    _getenv_init                              - Undefined Weak Reference
    _handle_redirection                       - Undefined Weak Reference
    _initio                                   - Undefined Weak Reference
    _mutex_acquire                            - Undefined Weak Reference
    _mutex_free                               - Undefined Weak Reference
    _mutex_release                            - Undefined Weak Reference
    _printf_post_padding                      - Undefined Weak Reference
    _printf_pre_padding                       - Undefined Weak Reference
    _printf_truncate_unsigned                 - Undefined Weak Reference
    _signal_finish                            - Undefined Weak Reference
    _signal_init                              - Undefined Weak Reference
    _terminateio                              - Undefined Weak Reference
    __Vectors_Size                           0x00000130   Number         0  startup_stm32f103xe.o ABSOLUTE
    __Vectors                                0x08000000   Data           4  startup_stm32f103xe.o(RESET)
    __Vectors_End                            0x08000130   Data           0  startup_stm32f103xe.o(RESET)
    __main                                   0x08000131   Thumb Code     8  __main.o(!!!main)
    __scatterload                            0x08000139   Thumb Code     0  __scatter.o(!!!scatter)
    __scatterload_rt2                        0x08000139   Thumb Code    44  __scatter.o(!!!scatter)
    __scatterload_rt2_thumb_only             0x08000139   Thumb Code     0  __scatter.o(!!!scatter)
    __scatterload_null                       0x08000147   Thumb Code     0  __scatter.o(!!!scatter)
    __scatterload_copy                       0x0800016d   Thumb Code    26  __scatter_copy.o(!!handler_copy)
    __scatterload_zeroinit                   0x08000189   Thumb Code    28  __scatter_zi.o(!!handler_zi)
    _printf_percent                          0x080001a5   Thumb Code     0  _printf_percent.o(.ARM.Collect$$_printf_percent$$00000000)
    _printf_x                                0x080001a5   Thumb Code     0  _printf_x.o(.ARM.Collect$$_printf_percent$$0000000C)
    _printf_percent_end                      0x080001ab   Thumb Code     0  _printf_percent_end.o(.ARM.Collect$$_printf_percent$$00000017)
    __rt_lib_init                            0x080001af   Thumb Code     0  libinit.o(.ARM.Collect$$libinit$$00000000)
    __rt_lib_init_fp_1                       0x080001b1   Thumb Code     0  libinit2.o(.ARM.Collect$$libinit$$00000002)
    __rt_lib_init_heap_2                     0x080001b1   Thumb Code     0  libinit2.o(.ARM.Collect$$libinit$$00000005)
    __rt_lib_init_preinit_1                  0x080001b1   Thumb Code     0  libinit2.o(.ARM.Collect$$libinit$$00000004)
    __rt_lib_init_heap_1                     0x080001b9   Thumb Code     0  libinit2.o(.ARM.Collect$$libinit$$0000000A)
    __rt_lib_init_rand_2                     0x080001b9   Thumb Code     0  libinit2.o(.ARM.Collect$$libinit$$0000000D)
    __rt_lib_init_user_alloc_1               0x080001b9   Thumb Code     0  libinit2.o(.ARM.Collect$$libinit$$0000000C)
    __rt_lib_init_alloca_1                   0x080001bd   Thumb Code     0  libinit2.o(.ARM.Collect$$libinit$$0000002E)
    __rt_lib_init_argv_1                     0x080001bd   Thumb Code     0  libinit2.o(.ARM.Collect$$libinit$$0000002C)
    __rt_lib_init_atexit_1                   0x080001bd   Thumb Code     0  libinit2.o(.ARM.Collect$$libinit$$0000001B)
    __rt_lib_init_clock_1                    0x080001bd   Thumb Code     0  libinit2.o(.ARM.Collect$$libinit$$00000021)
    __rt_lib_init_cpp_1                      0x080001bd   Thumb Code     0  libinit2.o(.ARM.Collect$$libinit$$00000032)
    __rt_lib_init_exceptions_1               0x080001bd   Thumb Code     0  libinit2.o(.ARM.Collect$$libinit$$00000030)
    __rt_lib_init_fp_trap_1                  0x080001bd   Thumb Code     0  libinit2.o(.ARM.Collect$$libinit$$0000001F)
    __rt_lib_init_getenv_1                   0x080001bd   Thumb Code     0  libinit2.o(.ARM.Collect$$libinit$$00000023)
    __rt_lib_init_lc_collate_1               0x080001bd   Thumb Code     0  libinit2.o(.ARM.Collect$$libinit$$00000011)
    __rt_lib_init_lc_ctype_1                 0x080001bd   Thumb Code     0  libinit2.o(.ARM.Collect$$libinit$$00000013)
    __rt_lib_init_lc_monetary_1              0x080001bd   Thumb Code     0  libinit2.o(.ARM.Collect$$libinit$$00000015)
    __rt_lib_init_lc_numeric_1               0x080001bd   Thumb Code     0  libinit2.o(.ARM.Collect$$libinit$$00000017)
    __rt_lib_init_lc_time_1                  0x080001bd   Thumb Code     0  libinit2.o(.ARM.Collect$$libinit$$00000019)
    __rt_lib_init_rand_1                     0x080001bd   Thumb Code     0  libinit2.o(.ARM.Collect$$libinit$$0000000E)
    __rt_lib_init_return                     0x080001bd   Thumb Code     0  libinit2.o(.ARM.Collect$$libinit$$00000033)
    __rt_lib_init_signal_1                   0x080001bd   Thumb Code     0  libinit2.o(.ARM.Collect$$libinit$$0000001D)
    __rt_lib_init_stdio_1                    0x080001bd   Thumb Code     0  libinit2.o(.ARM.Collect$$libinit$$00000025)
    __rt_lib_shutdown                        0x080001bf   Thumb Code     0  libshutdown.o(.ARM.Collect$$libshutdown$$00000000)
    __rt_lib_shutdown_cpp_1                  0x080001c1   Thumb Code     0  libshutdown2.o(.ARM.Collect$$libshutdown$$00000002)
    __rt_lib_shutdown_fp_trap_1              0x080001c1   Thumb Code     0  libshutdown2.o(.ARM.Collect$$libshutdown$$00000007)
    __rt_lib_shutdown_heap_1                 0x080001c1   Thumb Code     0  libshutdown2.o(.ARM.Collect$$libshutdown$$0000000F)
    __rt_lib_shutdown_return                 0x080001c1   Thumb Code     0  libshutdown2.o(.ARM.Collect$$libshutdown$$00000010)
    __rt_lib_shutdown_signal_1               0x080001c1   Thumb Code     0  libshutdown2.o(.ARM.Collect$$libshutdown$$0000000A)
    __rt_lib_shutdown_stdio_1                0x080001c1   Thumb Code     0  libshutdown2.o(.ARM.Collect$$libshutdown$$00000004)
    __rt_lib_shutdown_user_alloc_1           0x080001c1   Thumb Code     0  libshutdown2.o(.ARM.Collect$$libshutdown$$0000000C)
    __rt_entry                               0x080001c3   Thumb Code     0  __rtentry.o(.ARM.Collect$$rtentry$$00000000)
    __rt_entry_presh_1                       0x080001c3   Thumb Code     0  __rtentry2.o(.ARM.Collect$$rtentry$$00000002)
    __rt_entry_sh                            0x080001c3   Thumb Code     0  __rtentry4.o(.ARM.Collect$$rtentry$$00000004)
    __rt_entry_li                            0x080001c9   Thumb Code     0  __rtentry2.o(.ARM.Collect$$rtentry$$0000000A)
    __rt_entry_postsh_1                      0x080001c9   Thumb Code     0  __rtentry2.o(.ARM.Collect$$rtentry$$00000009)
    __rt_entry_main                          0x080001cd   Thumb Code     0  __rtentry2.o(.ARM.Collect$$rtentry$$0000000D)
    __rt_entry_postli_1                      0x080001cd   Thumb Code     0  __rtentry2.o(.ARM.Collect$$rtentry$$0000000C)
    __rt_exit                                0x080001d5   Thumb Code     0  rtexit.o(.ARM.Collect$$rtexit$$00000000)
    __rt_exit_ls                             0x080001d7   Thumb Code     0  rtexit2.o(.ARM.Collect$$rtexit$$00000003)
    __rt_exit_prels_1                        0x080001d7   Thumb Code     0  rtexit2.o(.ARM.Collect$$rtexit$$00000002)
    __rt_exit_exit                           0x080001db   Thumb Code     0  rtexit2.o(.ARM.Collect$$rtexit$$00000004)
    rand                                     0x080001e1   Thumb Code    48  rand.o(.emb_text)
    Reset_Handler                            0x08000215   Thumb Code     8  startup_stm32f103xe.o(.text)
    _maybe_terminate_alloc                   0x08000215   Thumb Code     0  maybetermalloc1.o(.emb_text)
    ADC1_2_IRQHandler                        0x0800022f   Thumb Code     0  startup_stm32f103xe.o(.text)
    ADC3_IRQHandler                          0x0800022f   Thumb Code     0  startup_stm32f103xe.o(.text)
    CAN1_RX1_IRQHandler                      0x0800022f   Thumb Code     0  startup_stm32f103xe.o(.text)
    CAN1_SCE_IRQHandler                      0x0800022f   Thumb Code     0  startup_stm32f103xe.o(.text)
    DMA1_Channel1_IRQHandler                 0x0800022f   Thumb Code     0  startup_stm32f103xe.o(.text)
    DMA1_Channel2_IRQHandler                 0x0800022f   Thumb Code     0  startup_stm32f103xe.o(.text)
    DMA1_Channel3_IRQHandler                 0x0800022f   Thumb Code     0  startup_stm32f103xe.o(.text)
    DMA1_Channel4_IRQHandler                 0x0800022f   Thumb Code     0  startup_stm32f103xe.o(.text)
    DMA1_Channel5_IRQHandler                 0x0800022f   Thumb Code     0  startup_stm32f103xe.o(.text)
    DMA1_Channel6_IRQHandler                 0x0800022f   Thumb Code     0  startup_stm32f103xe.o(.text)
    DMA1_Channel7_IRQHandler                 0x0800022f   Thumb Code     0  startup_stm32f103xe.o(.text)
    DMA2_Channel1_IRQHandler                 0x0800022f   Thumb Code     0  startup_stm32f103xe.o(.text)
    DMA2_Channel2_IRQHandler                 0x0800022f   Thumb Code     0  startup_stm32f103xe.o(.text)
    DMA2_Channel3_IRQHandler                 0x0800022f   Thumb Code     0  startup_stm32f103xe.o(.text)
    DMA2_Channel4_5_IRQHandler               0x0800022f   Thumb Code     0  startup_stm32f103xe.o(.text)
    EXTI0_IRQHandler                         0x0800022f   Thumb Code     0  startup_stm32f103xe.o(.text)
    EXTI15_10_IRQHandler                     0x0800022f   Thumb Code     0  startup_stm32f103xe.o(.text)
    EXTI1_IRQHandler                         0x0800022f   Thumb Code     0  startup_stm32f103xe.o(.text)
    EXTI2_IRQHandler                         0x0800022f   Thumb Code     0  startup_stm32f103xe.o(.text)
    EXTI3_IRQHandler                         0x0800022f   Thumb Code     0  startup_stm32f103xe.o(.text)
    EXTI4_IRQHandler                         0x0800022f   Thumb Code     0  startup_stm32f103xe.o(.text)
    EXTI9_5_IRQHandler                       0x0800022f   Thumb Code     0  startup_stm32f103xe.o(.text)
    FLASH_IRQHandler                         0x0800022f   Thumb Code     0  startup_stm32f103xe.o(.text)
    FSMC_IRQHandler                          0x0800022f   Thumb Code     0  startup_stm32f103xe.o(.text)
    I2C1_ER_IRQHandler                       0x0800022f   Thumb Code     0  startup_stm32f103xe.o(.text)
    I2C1_EV_IRQHandler                       0x0800022f   Thumb Code     0  startup_stm32f103xe.o(.text)
    I2C2_ER_IRQHandler                       0x0800022f   Thumb Code     0  startup_stm32f103xe.o(.text)
    I2C2_EV_IRQHandler                       0x0800022f   Thumb Code     0  startup_stm32f103xe.o(.text)
    PVD_IRQHandler                           0x0800022f   Thumb Code     0  startup_stm32f103xe.o(.text)
    RCC_IRQHandler                           0x0800022f   Thumb Code     0  startup_stm32f103xe.o(.text)
    RTC_Alarm_IRQHandler                     0x0800022f   Thumb Code     0  startup_stm32f103xe.o(.text)
    RTC_IRQHandler                           0x0800022f   Thumb Code     0  startup_stm32f103xe.o(.text)
    SDIO_IRQHandler                          0x0800022f   Thumb Code     0  startup_stm32f103xe.o(.text)
    SPI1_IRQHandler                          0x0800022f   Thumb Code     0  startup_stm32f103xe.o(.text)
    SPI2_IRQHandler                          0x0800022f   Thumb Code     0  startup_stm32f103xe.o(.text)
    SPI3_IRQHandler                          0x0800022f   Thumb Code     0  startup_stm32f103xe.o(.text)
    TAMPER_IRQHandler                        0x0800022f   Thumb Code     0  startup_stm32f103xe.o(.text)
    TIM1_BRK_IRQHandler                      0x0800022f   Thumb Code     0  startup_stm32f103xe.o(.text)
    TIM1_CC_IRQHandler                       0x0800022f   Thumb Code     0  startup_stm32f103xe.o(.text)
    TIM1_TRG_COM_IRQHandler                  0x0800022f   Thumb Code     0  startup_stm32f103xe.o(.text)
    TIM1_UP_IRQHandler                       0x0800022f   Thumb Code     0  startup_stm32f103xe.o(.text)
    TIM2_IRQHandler                          0x0800022f   Thumb Code     0  startup_stm32f103xe.o(.text)
    TIM3_IRQHandler                          0x0800022f   Thumb Code     0  startup_stm32f103xe.o(.text)
    TIM4_IRQHandler                          0x0800022f   Thumb Code     0  startup_stm32f103xe.o(.text)
    TIM5_IRQHandler                          0x0800022f   Thumb Code     0  startup_stm32f103xe.o(.text)
    TIM6_IRQHandler                          0x0800022f   Thumb Code     0  startup_stm32f103xe.o(.text)
    TIM7_IRQHandler                          0x0800022f   Thumb Code     0  startup_stm32f103xe.o(.text)
    TIM8_BRK_IRQHandler                      0x0800022f   Thumb Code     0  startup_stm32f103xe.o(.text)
    TIM8_CC_IRQHandler                       0x0800022f   Thumb Code     0  startup_stm32f103xe.o(.text)
    TIM8_TRG_COM_IRQHandler                  0x0800022f   Thumb Code     0  startup_stm32f103xe.o(.text)
    TIM8_UP_IRQHandler                       0x0800022f   Thumb Code     0  startup_stm32f103xe.o(.text)
    UART4_IRQHandler                         0x0800022f   Thumb Code     0  startup_stm32f103xe.o(.text)
    UART5_IRQHandler                         0x0800022f   Thumb Code     0  startup_stm32f103xe.o(.text)
    USART2_IRQHandler                        0x0800022f   Thumb Code     0  startup_stm32f103xe.o(.text)
    USART3_IRQHandler                        0x0800022f   Thumb Code     0  startup_stm32f103xe.o(.text)
    USBWakeUp_IRQHandler                     0x0800022f   Thumb Code     0  startup_stm32f103xe.o(.text)
    USB_HP_CAN1_TX_IRQHandler                0x0800022f   Thumb Code     0  startup_stm32f103xe.o(.text)
    USB_LP_CAN1_RX0_IRQHandler               0x0800022f   Thumb Code     0  startup_stm32f103xe.o(.text)
    WWDG_IRQHandler                          0x0800022f   Thumb Code     0  startup_stm32f103xe.o(.text)
    __user_initial_stackheap                 0x08000231   Thumb Code     0  startup_stm32f103xe.o(.text)
    __use_no_semihosting                     0x08000255   Thumb Code     2  use_no_semi_2.o(.text)
    malloc                                   0x08000257   Thumb Code    94  h1_alloc.o(.text)
    free                                     0x080002b5   Thumb Code    78  h1_free.o(.text)
    __2printf                                0x08000305   Thumb Code    20  noretval__2printf.o(.text)
    __printf                                 0x0800031d   Thumb Code   104  __printf.o(.text)
    _printf_int_hex                          0x08000385   Thumb Code    84  _printf_hex_int.o(.text)
    _printf_longlong_hex                     0x08000385   Thumb Code     0  _printf_hex_int.o(.text)
    srand                                    0x080003dd   Thumb Code    42  rand.o(.text)
    _rand_init                               0x08000407   Thumb Code     4  rand.o(.text)
    __aeabi_memclr                           0x08000419   Thumb Code     0  rt_memclr.o(.text)
    __rt_memclr                              0x08000419   Thumb Code    68  rt_memclr.o(.text)
    _memset                                  0x0800041d   Thumb Code     0  rt_memclr.o(.text)
    __aeabi_memclr4                          0x0800045d   Thumb Code     0  rt_memclr_w.o(.text)
    __aeabi_memclr8                          0x0800045d   Thumb Code     0  rt_memclr_w.o(.text)
    __rt_memclr_w                            0x0800045d   Thumb Code    78  rt_memclr_w.o(.text)
    _memset_w                                0x08000461   Thumb Code     0  rt_memclr_w.o(.text)
    __use_two_region_memory                  0x080004ab   Thumb Code     2  heapauxi.o(.text)
    __rt_heap_escrow                         0x080004ad   Thumb Code     2  heapauxi.o(.text)
    __rt_heap_expand                         0x080004af   Thumb Code     2  heapauxi.o(.text)
    __semihosting$guard                      0x080004b1   Thumb Code     0  use_no_semi.o(.text)
    __use_no_semihosting_swi                 0x080004b1   Thumb Code     2  use_no_semi.o(.text)
    __rt_heap_descriptor                     0x080004b5   Thumb Code     8  rt_heap_descriptor_intlibspace.o(.text)
    __use_no_heap                            0x080004bd   Thumb Code     2  hguard.o(.text)
    __heap$guard                             0x080004bf   Thumb Code     2  hguard.o(.text)
    _terminate_user_alloc                    0x080004c1   Thumb Code     2  init_alloc.o(.text)
    _init_user_alloc                         0x080004c3   Thumb Code     2  init_alloc.o(.text)
    __Heap_Full                              0x080004c5   Thumb Code    34  init_alloc.o(.text)
    __Heap_Broken                            0x080004e7   Thumb Code     6  init_alloc.o(.text)
    _init_alloc                              0x080004ed   Thumb Code    94  init_alloc.o(.text)
    __Heap_Initialize                        0x0800054b   Thumb Code    10  h1_init.o(.text)
    __Heap_DescSize                          0x08000555   Thumb Code     4  h1_init.o(.text)
    __read_errno                             0x08000559   Thumb Code    10  _rserrno.o(.text)
    __set_errno                              0x08000563   Thumb Code    12  _rserrno.o(.text)
    _printf_int_common                       0x0800056f   Thumb Code   178  _printf_intcommon.o(.text)
    _printf_char_file                        0x08000621   Thumb Code    32  _printf_char_file.o(.text)
    __user_libspace                          0x08000645   Thumb Code     8  libspace.o(.text)
    __user_perproc_libspace                  0x08000645   Thumb Code     0  libspace.o(.text)
    __user_perthread_libspace                0x08000645   Thumb Code     0  libspace.o(.text)
    __aeabi_errno_addr                       0x0800064d   Thumb Code     8  rt_errno_addr_intlibspace.o(.text)
    __errno$intlibspace                      0x0800064d   Thumb Code     0  rt_errno_addr_intlibspace.o(.text)
    __rt_errno_addr$intlibspace              0x0800064d   Thumb Code     0  rt_errno_addr_intlibspace.o(.text)
    __Heap_ProvideMemory                     0x08000655   Thumb Code    52  h1_extend.o(.text)
    _printf_char_common                      0x08000693   Thumb Code    32  _printf_char_common.o(.text)
    ferror                                   0x080006b9   Thumb Code     8  ferror.o(.text)
    __rt_SIGRTMEM                            0x080006c1   Thumb Code    14  defsig_rtmem_outer.o(.text)
    __user_setup_stackheap                   0x080006cf   Thumb Code    74  sys_stackheap_outer.o(.text)
    exit                                     0x08000719   Thumb Code    18  exit.o(.text)
    __sig_exit                               0x0800072b   Thumb Code    10  defsig_exit.o(.text)
    __rt_SIGRTMEM_inner                      0x08000735   Thumb Code    22  defsig_rtmem_inner.o(.text)
    __default_signal_display                 0x08000785   Thumb Code    50  defsig_general.o(.text)
    BusFault_Handler                         0x080007b7   Thumb Code     4  stm32f1xx_it.o(i.BusFault_Handler)
    DebugMon_Handler                         0x080007bb   Thumb Code     2  stm32f1xx_it.o(i.DebugMon_Handler)
    FSMC_NORSRAM_Extended_Timing_Init        0x080007bd   Thumb Code    62  stm32f1xx_ll_fsmc.o(i.FSMC_NORSRAM_Extended_Timing_Init)
    FSMC_NORSRAM_Init                        0x08000801   Thumb Code   116  stm32f1xx_ll_fsmc.o(i.FSMC_NORSRAM_Init)
    FSMC_NORSRAM_Timing_Init                 0x08000879   Thumb Code    66  stm32f1xx_ll_fsmc.o(i.FSMC_NORSRAM_Timing_Init)
    HAL_DMA_Abort_IT                         0x080008bd   Thumb Code   414  stm32f1xx_hal_dma.o(i.HAL_DMA_Abort_IT)
    HAL_GPIO_Init                            0x08000a65   Thumb Code   792  stm32f1xx_hal_gpio.o(i.HAL_GPIO_Init)
    HAL_GPIO_ReadPin                         0x08000da5   Thumb Code    16  stm32f1xx_hal_gpio.o(i.HAL_GPIO_ReadPin)
    HAL_GPIO_WritePin                        0x08000db5   Thumb Code    12  stm32f1xx_hal_gpio.o(i.HAL_GPIO_WritePin)
    HAL_GetTick                              0x08000dc1   Thumb Code     6  stm32f1xx_hal.o(i.HAL_GetTick)
    HAL_IncTick                              0x08000dcd   Thumb Code    16  stm32f1xx_hal.o(i.HAL_IncTick)
    HAL_Init                                 0x08000de5   Thumb Code    34  stm32f1xx_hal.o(i.HAL_Init)
    HAL_InitTick                             0x08000e0d   Thumb Code    64  stm32f1xx_hal.o(i.HAL_InitTick)
    HAL_MspInit                              0x08000e59   Thumb Code     2  stm32f1xx_hal_msp_template.o(i.HAL_MspInit)
    HAL_NVIC_EnableIRQ                       0x08000e5b   Thumb Code    32  stm32f1xx_hal_cortex.o(i.HAL_NVIC_EnableIRQ)
    HAL_NVIC_SetPriority                     0x08000e7b   Thumb Code   124  stm32f1xx_hal_cortex.o(i.HAL_NVIC_SetPriority)
    HAL_NVIC_SetPriorityGrouping             0x08000ef9   Thumb Code    32  stm32f1xx_hal_cortex.o(i.HAL_NVIC_SetPriorityGrouping)
    HAL_RCC_ClockConfig                      0x08000f21   Thumb Code   376  stm32f1xx_hal_rcc.o(i.HAL_RCC_ClockConfig)
    HAL_RCC_GetHCLKFreq                      0x080010ad   Thumb Code     6  stm32f1xx_hal_rcc.o(i.HAL_RCC_GetHCLKFreq)
    HAL_RCC_GetPCLK1Freq                     0x080010b9   Thumb Code    22  stm32f1xx_hal_rcc.o(i.HAL_RCC_GetPCLK1Freq)
    HAL_RCC_GetPCLK2Freq                     0x080010d9   Thumb Code    22  stm32f1xx_hal_rcc.o(i.HAL_RCC_GetPCLK2Freq)
    HAL_RCC_GetSysClockFreq                  0x080010f9   Thumb Code   116  stm32f1xx_hal_rcc.o(i.HAL_RCC_GetSysClockFreq)
    HAL_RCC_OscConfig                        0x0800118d   Thumb Code  1114  stm32f1xx_hal_rcc.o(i.HAL_RCC_OscConfig)
    HAL_SRAM_Init                            0x080015f1   Thumb Code   102  stm32f1xx_hal_sram.o(i.HAL_SRAM_Init)
    HAL_SRAM_MspInit                         0x08001659   Thumb Code   130  lcd.o(i.HAL_SRAM_MspInit)
    HAL_SYSTICK_Config                       0x080016e9   Thumb Code    52  stm32f1xx_hal_cortex.o(i.HAL_SYSTICK_Config)
    HAL_UART_ErrorCallback                   0x0800171d   Thumb Code     2  stm32f1xx_hal_uart.o(i.HAL_UART_ErrorCallback)
    HAL_UART_IRQHandler                      0x08001721   Thumb Code   334  stm32f1xx_hal_uart.o(i.HAL_UART_IRQHandler)
    HAL_UART_Init                            0x08001875   Thumb Code   114  stm32f1xx_hal_uart.o(i.HAL_UART_Init)
    HAL_UART_MspInit                         0x080018e9   Thumb Code   168  usart.o(i.HAL_UART_MspInit)
    HAL_UART_Receive_IT                      0x0800199d   Thumb Code   112  stm32f1xx_hal_uart.o(i.HAL_UART_Receive_IT)
    HAL_UART_RxCpltCallback                  0x08001a0d   Thumb Code   134  usart.o(i.HAL_UART_RxCpltCallback)
    HAL_UART_TxCpltCallback                  0x08001aa9   Thumb Code     2  stm32f1xx_hal_uart.o(i.HAL_UART_TxCpltCallback)
    HardFault_Handler                        0x08001aab   Thumb Code     4  stm32f1xx_it.o(i.HardFault_Handler)
    KEY0_to_skip                             0x08001aaf   Thumb Code    24  util.o(i.KEY0_to_skip)
    LCD_DrawLine                             0x08001ac7   Thumb Code    30  draw_base.o(i.LCD_DrawLine)
    LCD_Pow                                  0x08001ae5   Thumb Code    22  draw_base.o(i.LCD_Pow)
    LCD_ShowString                           0x08001afb   Thumb Code    40  draw_base.o(i.LCD_ShowString)
    LCD_ShowxNum                             0x08001b23   Thumb Code   202  draw_base.o(i.LCD_ShowxNum)
    MemManage_Handler                        0x08001bed   Thumb Code     4  stm32f1xx_it.o(i.MemManage_Handler)
    NMI_Handler                              0x08001bf1   Thumb Code     2  stm32f1xx_it.o(i.NMI_Handler)
    PendSV_Handler                           0x08001bf3   Thumb Code     2  stm32f1xx_it.o(i.PendSV_Handler)
    SVC_Handler                              0x08001c1d   Thumb Code     2  stm32f1xx_it.o(i.SVC_Handler)
    SysTick_Handler                          0x08001c1f   Thumb Code    12  stm32f1xx_it.o(i.SysTick_Handler)
    SystemInit                               0x08001c2b   Thumb Code     2  system_stm32f1xx.o(i.SystemInit)
    USART1_IRQHandler                        0x08001e7d   Thumb Code    10  usart.o(i.USART1_IRQHandler)
    UsageFault_Handler                       0x08001e8d   Thumb Code     4  stm32f1xx_it.o(i.UsageFault_Handler)
    __ARM_fpclassify                         0x08001e91   Thumb Code    40  fpclassify.o(i.__ARM_fpclassify)
    __ieee754_rem_pio2                       0x08001ef1   Thumb Code   828  rred.o(i.__ieee754_rem_pio2)
    __kernel_cos                             0x08002279   Thumb Code   230  cos_i.o(i.__kernel_cos)
    __kernel_poly                            0x08002375   Thumb Code   170  poly.o(i.__kernel_poly)
    __kernel_sin                             0x08002421   Thumb Code   224  sin_i.o(i.__kernel_sin)
    __mathlib_dbl_infnan                     0x0800250d   Thumb Code     6  dunder.o(i.__mathlib_dbl_infnan)
    __mathlib_dbl_invalid                    0x08002513   Thumb Code    12  dunder.o(i.__mathlib_dbl_invalid)
    __mathlib_dbl_underflow                  0x08002521   Thumb Code    10  dunder.o(i.__mathlib_dbl_underflow)
    _sys_exit                                0x08002531   Thumb Code     4  usart.o(i._sys_exit)
    _ttywrch                                 0x08002535   Thumb Code     4  usart.o(i._ttywrch)
    all_init                                 0x08002539   Thumb Code    90  main.o(i.all_init)
    bomb_all_enemy_plane                     0x0800259d   Thumb Code   150  run.o(i.bomb_all_enemy_plane)
    bomb_effect_demo                         0x08002635   Thumb Code   292  rendering.o(i.bomb_effect_demo)
    check_my_buttles_to_boss_collide         0x0800275d   Thumb Code   212  run.o(i.check_my_buttles_to_boss_collide)
    check_my_buttles_to_enemy_plane_collide  0x08002835   Thumb Code   236  run.o(i.check_my_buttles_to_enemy_plane_collide)
    check_my_plane_to_enemy_buttles_collide  0x08002925   Thumb Code   214  run.o(i.check_my_plane_to_enemy_buttles_collide)
    check_my_plane_to_enemy_plane_collide    0x08002a01   Thumb Code   366  run.o(i.check_my_plane_to_enemy_plane_collide)
    clear_all_enemy_plane                    0x08002b75   Thumb Code   126  run.o(i.clear_all_enemy_plane)
    clear_buffer                             0x08002bf3   Thumb Code    36  rendering.o(i.clear_buffer)
    clear_rect                               0x08002c17   Thumb Code   132  rendering.o(i.clear_rect)
    cos                                      0x08002c9d   Thumb Code   148  cos.o(i.cos)
    debounced_joypad_read                    0x08002d39   Thumb Code    32  joypad.o(i.debounced_joypad_read)
    delay_init                               0x08002d59   Thumb Code     6  delay.o(i.delay_init)
    delay_ms                                 0x08002d65   Thumb Code    18  delay.o(i.delay_ms)
    delay_us                                 0x08002d79   Thumb Code    68  delay.o(i.delay_us)
    draw_all_enemy_buttles                   0x08002dc1   Thumb Code    40  gui.o(i.draw_all_enemy_buttles)
    draw_all_enemy_planes                    0x08002de9   Thumb Code    38  gui.o(i.draw_all_enemy_planes)
    draw_all_my_buttles                      0x08002e0f   Thumb Code    38  gui.o(i.draw_all_my_buttles)
    draw_all_through_struct                  0x08002e35   Thumb Code    52  main.o(i.draw_all_through_struct)
    draw_boss                                0x08002e75   Thumb Code   720  model.o(i.draw_boss)
    draw_end                                 0x0800314d   Thumb Code   470  gui.o(i.draw_end)
    draw_enemy_bullet                        0x0800337d   Thumb Code   108  model.o(i.draw_enemy_bullet)
    draw_enemy_plane                         0x080033e9   Thumb Code    78  model.o(i.draw_enemy_plane)
    draw_equal_triangle                      0x08003437   Thumb Code   100  graph.o(i.draw_equal_triangle)
    draw_heart                               0x0800349d   Thumb Code   276  model.o(i.draw_heart)
    draw_hexagon                             0x080035b9   Thumb Code   308  graph.o(i.draw_hexagon)
    draw_left_triangle                       0x080036f5   Thumb Code   116  graph.o(i.draw_left_triangle)
    draw_my_bullet                           0x08003769   Thumb Code   108  model.o(i.draw_my_bullet)
    draw_my_plane                            0x080037d5   Thumb Code    78  model.o(i.draw_my_plane)
    draw_play_all                            0x08003825   Thumb Code   332  gui.o(i.draw_play_all)
    draw_play_title                          0x08003989   Thumb Code   136  gui.o(i.draw_play_title)
    draw_poisson_stars                       0x08003a11   Thumb Code   168  graph.o(i.draw_poisson_stars)
    draw_rectangle                           0x08003ab9   Thumb Code   148  graph.o(i.draw_rectangle)
    draw_reversed_equal_triangle             0x08003b4d   Thumb Code   110  graph.o(i.draw_reversed_equal_triangle)
    draw_reversed_left_triangle              0x08003bbb   Thumb Code   104  graph.o(i.draw_reversed_left_triangle)
    draw_reversed_rectangle                  0x08003c23   Thumb Code   132  graph.o(i.draw_reversed_rectangle)
    draw_reversed_right_triangle             0x08003ca7   Thumb Code   104  graph.o(i.draw_reversed_right_triangle)
    draw_reversed_trapezoid                  0x08003d0f   Thumb Code   176  graph.o(i.draw_reversed_trapezoid)
    draw_right_triangle                      0x08003dbf   Thumb Code   116  graph.o(i.draw_right_triangle)
    draw_star                                0x08003e35   Thumb Code   108  graph.o(i.draw_star)
    draw_start_page                          0x08003ea9   Thumb Code   102  gui.o(i.draw_start_page)
    draw_stop                                0x08003f3d   Thumb Code    84  gui.o(i.draw_stop)
    draw_trapezoid                           0x08003fb1   Thumb Code   212  graph.o(i.draw_trapezoid)
    fputc                                    0x08004085   Thumb Code    24  usart.o(i.fputc)
    generate_boss_buttles                    0x080040a1   Thumb Code    92  run.o(i.generate_boss_buttles)
    generate_enemy_buttles                   0x080040fd   Thumb Code   100  run.o(i.generate_enemy_buttles)
    generate_enemy_planes                    0x08004161   Thumb Code    88  run.o(i.generate_enemy_planes)
    init_frame_buffers                       0x080041b9   Thumb Code   120  rendering.o(i.init_frame_buffers)
    init_interface_info                      0x08004231   Thumb Code   154  main.o(i.init_interface_info)
    init_interface_info_second_time          0x080042d9   Thumb Code   146  main.o(i.init_interface_info_second_time)
    init_play_interface                      0x08004379   Thumb Code   172  gui.o(i.init_play_interface)
    joypad_Scan                              0x08004451   Thumb Code   154  joypad.o(i.joypad_Scan)
    joypad_init                              0x08004501   Thumb Code   158  joypad.o(i.joypad_init)
    joypad_read                              0x080045ad   Thumb Code   130  joypad.o(i.joypad_read)
    lcd_clear                                0x08004639   Thumb Code    42  lcd.o(i.lcd_clear)
    lcd_display_dir                          0x0800466d   Thumb Code   360  lcd.o(i.lcd_display_dir)
    lcd_draw_circle                          0x080047d9   Thumb Code   170  lcd.o(i.lcd_draw_circle)
    lcd_draw_line                            0x08004883   Thumb Code   172  lcd.o(i.lcd_draw_line)
    lcd_draw_point                           0x08004931   Thumb Code    26  lcd.o(i.lcd_draw_point)
    lcd_ex_ili9341_reginit                   0x08004951   Thumb Code   556  lcd.o(i.lcd_ex_ili9341_reginit)
    lcd_ex_ili9806_reginit                   0x08004b7d   Thumb Code   832  lcd.o(i.lcd_ex_ili9806_reginit)
    lcd_ex_nt35310_reginit                   0x08004ebd   Thumb Code  3826  lcd.o(i.lcd_ex_nt35310_reginit)
    lcd_ex_nt35510_reginit                   0x08005daf   Thumb Code  3950  lcd.o(i.lcd_ex_nt35510_reginit)
    lcd_ex_ssd1963_reginit                   0x08006d1d   Thumb Code   366  lcd.o(i.lcd_ex_ssd1963_reginit)
    lcd_ex_st7789_reginit                    0x08006e8b   Thumb Code   424  lcd.o(i.lcd_ex_st7789_reginit)
    lcd_ex_st7796_reginit                    0x08007033   Thumb Code   454  lcd.o(i.lcd_ex_st7796_reginit)
    lcd_fill                                 0x080071f9   Thumb Code    80  lcd.o(i.lcd_fill)
    lcd_init                                 0x0800724d   Thumb Code  1120  lcd.o(i.lcd_init)
    lcd_scan_dir                             0x080076d9   Thumb Code   568  lcd.o(i.lcd_scan_dir)
    lcd_set_cursor                           0x08007915   Thumb Code   282  lcd.o(i.lcd_set_cursor)
    lcd_show_char                            0x08007a35   Thumb Code   294  lcd.o(i.lcd_show_char)
    lcd_show_string                          0x08007b75   Thumb Code   106  lcd.o(i.lcd_show_string)
    lcd_ssd_backlight_set                    0x08007be1   Thumb Code    80  lcd.o(i.lcd_ssd_backlight_set)
    lcd_wr_data                              0x08007c35   Thumb Code    18  lcd.o(i.lcd_wr_data)
    lcd_wr_regno                             0x08007c4d   Thumb Code    18  lcd.o(i.lcd_wr_regno)
    lcd_write_ram_prepare                    0x08007c65   Thumb Code    10  lcd.o(i.lcd_write_ram_prepare)
    lcd_write_reg                            0x08007c79   Thumb Code    10  lcd.o(i.lcd_write_reg)
    led_init                                 0x08007c89   Thumb Code   132  led.o(i.led_init)
    main                                     0x08007d19   Thumb Code   526  main.o(i.main)
    move_boss                                0x08007f49   Thumb Code   220  run.o(i.move_boss)
    set_render_target                        0x08008029   Thumb Code     8  rendering.o(i.set_render_target)
    sin                                      0x08008035   Thumb Code   150  sin.o(i.sin)
    swap_buffers                             0x080080d5   Thumb Code    38  rendering.o(i.swap_buffers)
    switch_my_act                            0x08008101   Thumb Code   236  run.o(i.switch_my_act)
    sys_stm32_clock_init                     0x080081fd   Thumb Code   102  sys.o(i.sys_stm32_clock_init)
    time                                     0x08008265   Thumb Code    26  graph.o(i.time)
    update_enemy_buttles                     0x08008285   Thumb Code   112  run.o(i.update_enemy_buttles)
    update_enemy_planes                      0x080082f5   Thumb Code   110  run.o(i.update_enemy_planes)
    update_my_buttles                        0x08008363   Thumb Code   104  run.o(i.update_my_buttles)
    update_sys_tick                          0x080083cd   Thumb Code    12  graph.o(i.update_sys_tick)
    usart_init                               0x080083dd   Thumb Code    44  usart.o(i.usart_init)
    __aeabi_dadd                             0x08008415   Thumb Code     0  daddsub_clz.o(x$fpl$dadd)
    _dadd                                    0x08008415   Thumb Code   332  daddsub_clz.o(x$fpl$dadd)
    __fpl_dcheck_NaN1                        0x08008565   Thumb Code    10  dcheck1.o(x$fpl$dcheck1)
    __aeabi_ddiv                             0x08008575   Thumb Code     0  ddiv.o(x$fpl$ddiv)
    _ddiv                                    0x08008575   Thumb Code   552  ddiv.o(x$fpl$ddiv)
    __aeabi_d2iz                             0x08008825   Thumb Code     0  dfix.o(x$fpl$dfix)
    _dfix                                    0x08008825   Thumb Code    94  dfix.o(x$fpl$dfix)
    __aeabi_d2uiz                            0x08008885   Thumb Code     0  dfixu.o(x$fpl$dfixu)
    _dfixu                                   0x08008885   Thumb Code    90  dfixu.o(x$fpl$dfixu)
    __aeabi_i2d                              0x080088df   Thumb Code     0  dflt_clz.o(x$fpl$dflt)
    _dflt                                    0x080088df   Thumb Code    46  dflt_clz.o(x$fpl$dflt)
    __aeabi_ui2d                             0x0800890d   Thumb Code     0  dflt_clz.o(x$fpl$dfltu)
    _dfltu                                   0x0800890d   Thumb Code    38  dflt_clz.o(x$fpl$dfltu)
    __aeabi_dmul                             0x08008935   Thumb Code     0  dmul.o(x$fpl$dmul)
    _dmul                                    0x08008935   Thumb Code   332  dmul.o(x$fpl$dmul)
    __fpl_dnaninf                            0x08008a89   Thumb Code   156  dnaninf.o(x$fpl$dnaninf)
    __fpl_dretinf                            0x08008b25   Thumb Code    12  dretinf.o(x$fpl$dretinf)
    __aeabi_drsub                            0x08008b31   Thumb Code     0  daddsub_clz.o(x$fpl$drsb)
    _drsb                                    0x08008b31   Thumb Code    22  daddsub_clz.o(x$fpl$drsb)
    __aeabi_dsub                             0x08008b49   Thumb Code     0  daddsub_clz.o(x$fpl$dsub)
    _dsub                                    0x08008b49   Thumb Code   464  daddsub_clz.o(x$fpl$dsub)
    __aeabi_f2d                              0x08008d1d   Thumb Code     0  f2d.o(x$fpl$f2d)
    _f2d                                     0x08008d1d   Thumb Code    86  f2d.o(x$fpl$f2d)
    __aeabi_fdiv                             0x08008d75   Thumb Code     0  fdiv.o(x$fpl$fdiv)
    _fdiv                                    0x08008d75   Thumb Code   384  fdiv.o(x$fpl$fdiv)
    __aeabi_i2f                              0x08008ef9   Thumb Code     0  fflt_clz.o(x$fpl$fflt)
    _fflt                                    0x08008ef9   Thumb Code    48  fflt_clz.o(x$fpl$fflt)
    __aeabi_fmul                             0x08008f29   Thumb Code     0  fmul.o(x$fpl$fmul)
    _fmul                                    0x08008f29   Thumb Code   258  fmul.o(x$fpl$fmul)
    __fpl_fnaninf                            0x0800902b   Thumb Code   140  fnaninf.o(x$fpl$fnaninf)
    __fpl_fretinf                            0x080090b7   Thumb Code    10  fretinf.o(x$fpl$fretinf)
    __fpl_return_NaN                         0x080090c1   Thumb Code   100  retnan.o(x$fpl$retnan)
    __ARM_scalbn                             0x08009125   Thumb Code    92  scalbn.o(x$fpl$scalbn)
    __fpl_cmpreturn                          0x08009181   Thumb Code    48  trapv.o(x$fpl$trapveneer)
    AHBPrescTable                            0x080091b0   Data          16  system_stm32f1xx.o(.constdata)
    __I$use$fp                               0x080091b0   Number         0  usenofp.o(x$fpl$usenofp)
    APBPrescTable                            0x080091c0   Data           8  system_stm32f1xx.o(.constdata)
    asc2_1206                                0x080091c8   Data        1140  lcd.o(.constdata)
    asc2_1608                                0x0800963c   Data        1520  lcd.o(.constdata)
    asc2_2412                                0x08009c2c   Data        3420  lcd.o(.constdata)
    asc2_3216                                0x0800a988   Data        6080  lcd.o(.constdata)
    Region$$Table$$Base                      0x0800c298   Number         0  anon$$obj.o(Region$$Table)
    Region$$Table$$Limit                     0x0800c2b8   Number         0  anon$$obj.o(Region$$Table)
    SystemCoreClock                          0x20000000   Data           4  system_stm32f1xx.o(.data)
    __stdout                                 0x20000008   Data           4  usart.o(.data)
    g_usart_rx_sta                           0x2000000c   Data           2  usart.o(.data)
    g_rx_buffer                              0x2000000e   Data           1  usart.o(.data)
    uwTick                                   0x20000010   Data           4  stm32f1xx_hal.o(.data)
    uwTickPrio                               0x20000014   Data           4  stm32f1xx_hal.o(.data)
    uwTickFreq                               0x20000018   Data           1  stm32f1xx_hal.o(.data)
    g_point_color                            0x2000001c   Data           4  lcd.o(.data)
    g_back_color                             0x20000020   Data           4  lcd.o(.data)
    system_tick                              0x20000024   Data           4  joypad.o(.data)
    big_trigon_width                         0x20000030   Data           4  graph.o(.data)
    big_trigon_height                        0x20000034   Data           4  graph.o(.data)
    small_trigon_width                       0x20000038   Data           4  graph.o(.data)
    small_trigon_height                      0x2000003c   Data           4  graph.o(.data)
    cross_width                              0x20000040   Data           4  graph.o(.data)
    cross_height                             0x20000044   Data           4  graph.o(.data)
    heart_width                              0x20000048   Data           4  graph.o(.data)
    heart_height                             0x2000004c   Data           4  graph.o(.data)
    buttle_width                             0x20000050   Data           4  graph.o(.data)
    buttle_height                            0x20000054   Data           4  graph.o(.data)
    star_width                               0x20000058   Data           4  graph.o(.data)
    star_height                              0x2000005c   Data           4  graph.o(.data)
    left_limit                               0x20000084   Data           4  run.o(.data)
    right_limit                              0x20000088   Data           4  run.o(.data)
    up_limit                                 0x2000008c   Data           4  run.o(.data)
    down_limit                               0x20000090   Data           4  run.o(.data)
    interface                                0x20000094   Data        4132  main.o(.bss)
    g_usart_rx_buf                           0x200010e0   Data         200  usart.o(.bss)
    g_uart1_handle                           0x200011a8   Data          64  usart.o(.bss)
    g_sram_handle                            0x200011e8   Data          72  lcd.o(.bss)
    lcddev                                   0x20001230   Data          14  lcd.o(.bss)
    _random_number_data                      0x20001240   Data         228  rand.o(.bss)
    __libspace_start                         0x20001324   Data          96  libspace.o(.bss)
    __temporary_stack_top$libspace           0x20001384   Data           0  libspace.o(.bss)



==============================================================================

Memory Map of the image

  Image Entry point : 0x08000131

  Load Region LR_IROM1 (Base: 0x08000000, Size: 0x0000c34c, Max: 0x00080000, ABSOLUTE)

    Execution Region ER_IROM1 (Exec base: 0x08000000, Load base: 0x08000000, Size: 0x0000c2b8, Max: 0x00080000, ABSOLUTE)

    Exec Addr    Load Addr    Size         Type   Attr      Idx    E Section Name        Object

    0x08000000   0x08000000   0x00000130   Data   RO            3    RESET               startup_stm32f103xe.o
    0x08000130   0x08000130   0x00000008   Code   RO         3559  * !!!main             c_w.l(__main.o)
    0x08000138   0x08000138   0x00000034   Code   RO         3880    !!!scatter          c_w.l(__scatter.o)
    0x0800016c   0x0800016c   0x0000001a   Code   RO         3882    !!handler_copy      c_w.l(__scatter_copy.o)
    0x08000186   0x08000186   0x00000002   PAD
    0x08000188   0x08000188   0x0000001c   Code   RO         3884    !!handler_zi        c_w.l(__scatter_zi.o)
    0x080001a4   0x080001a4   0x00000000   Code   RO         3547    .ARM.Collect$$_printf_percent$$00000000  c_w.l(_printf_percent.o)
    0x080001a4   0x080001a4   0x00000006   Code   RO         3546    .ARM.Collect$$_printf_percent$$0000000C  c_w.l(_printf_x.o)
    0x080001aa   0x080001aa   0x00000004   Code   RO         3649    .ARM.Collect$$_printf_percent$$00000017  c_w.l(_printf_percent_end.o)
    0x080001ae   0x080001ae   0x00000002   Code   RO         3817    .ARM.Collect$$libinit$$00000000  c_w.l(libinit.o)
    0x080001b0   0x080001b0   0x00000000   Code   RO         3655    .ARM.Collect$$libinit$$00000002  c_w.l(libinit2.o)
    0x080001b0   0x080001b0   0x00000000   Code   RO         3657    .ARM.Collect$$libinit$$00000004  c_w.l(libinit2.o)
    0x080001b0   0x080001b0   0x00000008   Code   RO         3658    .ARM.Collect$$libinit$$00000005  c_w.l(libinit2.o)
    0x080001b8   0x080001b8   0x00000000   Code   RO         3660    .ARM.Collect$$libinit$$0000000A  c_w.l(libinit2.o)
    0x080001b8   0x080001b8   0x00000000   Code   RO         3662    .ARM.Collect$$libinit$$0000000C  c_w.l(libinit2.o)
    0x080001b8   0x080001b8   0x00000004   Code   RO         3663    .ARM.Collect$$libinit$$0000000D  c_w.l(libinit2.o)
    0x080001bc   0x080001bc   0x00000000   Code   RO         3664    .ARM.Collect$$libinit$$0000000E  c_w.l(libinit2.o)
    0x080001bc   0x080001bc   0x00000000   Code   RO         3667    .ARM.Collect$$libinit$$00000011  c_w.l(libinit2.o)
    0x080001bc   0x080001bc   0x00000000   Code   RO         3669    .ARM.Collect$$libinit$$00000013  c_w.l(libinit2.o)
    0x080001bc   0x080001bc   0x00000000   Code   RO         3671    .ARM.Collect$$libinit$$00000015  c_w.l(libinit2.o)
    0x080001bc   0x080001bc   0x00000000   Code   RO         3673    .ARM.Collect$$libinit$$00000017  c_w.l(libinit2.o)
    0x080001bc   0x080001bc   0x00000000   Code   RO         3675    .ARM.Collect$$libinit$$00000019  c_w.l(libinit2.o)
    0x080001bc   0x080001bc   0x00000000   Code   RO         3677    .ARM.Collect$$libinit$$0000001B  c_w.l(libinit2.o)
    0x080001bc   0x080001bc   0x00000000   Code   RO         3679    .ARM.Collect$$libinit$$0000001D  c_w.l(libinit2.o)
    0x080001bc   0x080001bc   0x00000000   Code   RO         3681    .ARM.Collect$$libinit$$0000001F  c_w.l(libinit2.o)
    0x080001bc   0x080001bc   0x00000000   Code   RO         3683    .ARM.Collect$$libinit$$00000021  c_w.l(libinit2.o)
    0x080001bc   0x080001bc   0x00000000   Code   RO         3685    .ARM.Collect$$libinit$$00000023  c_w.l(libinit2.o)
    0x080001bc   0x080001bc   0x00000000   Code   RO         3687    .ARM.Collect$$libinit$$00000025  c_w.l(libinit2.o)
    0x080001bc   0x080001bc   0x00000000   Code   RO         3691    .ARM.Collect$$libinit$$0000002C  c_w.l(libinit2.o)
    0x080001bc   0x080001bc   0x00000000   Code   RO         3693    .ARM.Collect$$libinit$$0000002E  c_w.l(libinit2.o)
    0x080001bc   0x080001bc   0x00000000   Code   RO         3695    .ARM.Collect$$libinit$$00000030  c_w.l(libinit2.o)
    0x080001bc   0x080001bc   0x00000000   Code   RO         3697    .ARM.Collect$$libinit$$00000032  c_w.l(libinit2.o)
    0x080001bc   0x080001bc   0x00000002   Code   RO         3698    .ARM.Collect$$libinit$$00000033  c_w.l(libinit2.o)
    0x080001be   0x080001be   0x00000002   Code   RO         3877    .ARM.Collect$$libshutdown$$00000000  c_w.l(libshutdown.o)
    0x080001c0   0x080001c0   0x00000000   Code   RO         3831    .ARM.Collect$$libshutdown$$00000002  c_w.l(libshutdown2.o)
    0x080001c0   0x080001c0   0x00000000   Code   RO         3833    .ARM.Collect$$libshutdown$$00000004  c_w.l(libshutdown2.o)
    0x080001c0   0x080001c0   0x00000000   Code   RO         3836    .ARM.Collect$$libshutdown$$00000007  c_w.l(libshutdown2.o)
    0x080001c0   0x080001c0   0x00000000   Code   RO         3839    .ARM.Collect$$libshutdown$$0000000A  c_w.l(libshutdown2.o)
    0x080001c0   0x080001c0   0x00000000   Code   RO         3841    .ARM.Collect$$libshutdown$$0000000C  c_w.l(libshutdown2.o)
    0x080001c0   0x080001c0   0x00000000   Code   RO         3844    .ARM.Collect$$libshutdown$$0000000F  c_w.l(libshutdown2.o)
    0x080001c0   0x080001c0   0x00000002   Code   RO         3845    .ARM.Collect$$libshutdown$$00000010  c_w.l(libshutdown2.o)
    0x080001c2   0x080001c2   0x00000000   Code   RO         3617    .ARM.Collect$$rtentry$$00000000  c_w.l(__rtentry.o)
    0x080001c2   0x080001c2   0x00000000   Code   RO         3740    .ARM.Collect$$rtentry$$00000002  c_w.l(__rtentry2.o)
    0x080001c2   0x080001c2   0x00000006   Code   RO         3752    .ARM.Collect$$rtentry$$00000004  c_w.l(__rtentry4.o)
    0x080001c8   0x080001c8   0x00000000   Code   RO         3742    .ARM.Collect$$rtentry$$00000009  c_w.l(__rtentry2.o)
    0x080001c8   0x080001c8   0x00000004   Code   RO         3743    .ARM.Collect$$rtentry$$0000000A  c_w.l(__rtentry2.o)
    0x080001cc   0x080001cc   0x00000000   Code   RO         3745    .ARM.Collect$$rtentry$$0000000C  c_w.l(__rtentry2.o)
    0x080001cc   0x080001cc   0x00000008   Code   RO         3746    .ARM.Collect$$rtentry$$0000000D  c_w.l(__rtentry2.o)
    0x080001d4   0x080001d4   0x00000002   Code   RO         3820    .ARM.Collect$$rtexit$$00000000  c_w.l(rtexit.o)
    0x080001d6   0x080001d6   0x00000000   Code   RO         3849    .ARM.Collect$$rtexit$$00000002  c_w.l(rtexit2.o)
    0x080001d6   0x080001d6   0x00000004   Code   RO         3850    .ARM.Collect$$rtexit$$00000003  c_w.l(rtexit2.o)
    0x080001da   0x080001da   0x00000006   Code   RO         3851    .ARM.Collect$$rtexit$$00000004  c_w.l(rtexit2.o)
    0x080001e0   0x080001e0   0x00000034   Code   RO         3548    .emb_text           c_w.l(rand.o)
    0x08000214   0x08000214   0x00000000   Code   RO         3761    .emb_text           c_w.l(maybetermalloc1.o)
    0x08000214   0x08000214   0x00000040   Code   RO            4    .text               startup_stm32f103xe.o
    0x08000254   0x08000254   0x00000002   Code   RO         3435    .text               c_w.l(use_no_semi_2.o)
    0x08000256   0x08000256   0x0000005e   Code   RO         3441    .text               c_w.l(h1_alloc.o)
    0x080002b4   0x080002b4   0x0000004e   Code   RO         3443    .text               c_w.l(h1_free.o)
    0x08000302   0x08000302   0x00000002   PAD
    0x08000304   0x08000304   0x00000018   Code   RO         3501    .text               c_w.l(noretval__2printf.o)
    0x0800031c   0x0800031c   0x00000068   Code   RO         3503    .text               c_w.l(__printf.o)
    0x08000384   0x08000384   0x00000058   Code   RO         3508    .text               c_w.l(_printf_hex_int.o)
    0x080003dc   0x080003dc   0x0000003c   Code   RO         3549    .text               c_w.l(rand.o)
    0x08000418   0x08000418   0x00000044   Code   RO         3553    .text               c_w.l(rt_memclr.o)
    0x0800045c   0x0800045c   0x0000004e   Code   RO         3555    .text               c_w.l(rt_memclr_w.o)
    0x080004aa   0x080004aa   0x00000006   Code   RO         3557    .text               c_w.l(heapauxi.o)
    0x080004b0   0x080004b0   0x00000002   Code   RO         3613    .text               c_w.l(use_no_semi.o)
    0x080004b2   0x080004b2   0x00000002   PAD
    0x080004b4   0x080004b4   0x00000008   Code   RO         3621    .text               c_w.l(rt_heap_descriptor_intlibspace.o)
    0x080004bc   0x080004bc   0x00000004   Code   RO         3623    .text               c_w.l(hguard.o)
    0x080004c0   0x080004c0   0x0000008a   Code   RO         3625    .text               c_w.l(init_alloc.o)
    0x0800054a   0x0800054a   0x0000000e   Code   RO         3629    .text               c_w.l(h1_init.o)
    0x08000558   0x08000558   0x00000016   Code   RO         3643    .text               c_w.l(_rserrno.o)
    0x0800056e   0x0800056e   0x000000b2   Code   RO         3645    .text               c_w.l(_printf_intcommon.o)
    0x08000620   0x08000620   0x00000024   Code   RO         3647    .text               c_w.l(_printf_char_file.o)
    0x08000644   0x08000644   0x00000008   Code   RO         3736    .text               c_w.l(libspace.o)
    0x0800064c   0x0800064c   0x00000008   Code   RO         3757    .text               c_w.l(rt_errno_addr_intlibspace.o)
    0x08000654   0x08000654   0x00000034   Code   RO         3763    .text               c_w.l(h1_extend.o)
    0x08000688   0x08000688   0x00000030   Code   RO         3767    .text               c_w.l(_printf_char_common.o)
    0x080006b8   0x080006b8   0x00000008   Code   RO         3769    .text               c_w.l(ferror.o)
    0x080006c0   0x080006c0   0x0000000e   Code   RO         3773    .text               c_w.l(defsig_rtmem_outer.o)
    0x080006ce   0x080006ce   0x0000004a   Code   RO         3794    .text               c_w.l(sys_stackheap_outer.o)
    0x08000718   0x08000718   0x00000012   Code   RO         3802    .text               c_w.l(exit.o)
    0x0800072a   0x0800072a   0x0000000a   Code   RO         3804    .text               c_w.l(defsig_exit.o)
    0x08000734   0x08000734   0x00000050   Code   RO         3806    .text               c_w.l(defsig_rtmem_inner.o)
    0x08000784   0x08000784   0x00000032   Code   RO         3828    .text               c_w.l(defsig_general.o)
    0x080007b6   0x080007b6   0x00000004   Code   RO          344    i.BusFault_Handler  stm32f1xx_it.o
    0x080007ba   0x080007ba   0x00000002   Code   RO          345    i.DebugMon_Handler  stm32f1xx_it.o
    0x080007bc   0x080007bc   0x00000044   Code   RO         2287    i.FSMC_NORSRAM_Extended_Timing_Init  stm32f1xx_ll_fsmc.o
    0x08000800   0x08000800   0x00000078   Code   RO         2288    i.FSMC_NORSRAM_Init  stm32f1xx_ll_fsmc.o
    0x08000878   0x08000878   0x00000042   Code   RO         2289    i.FSMC_NORSRAM_Timing_Init  stm32f1xx_ll_fsmc.o
    0x080008ba   0x080008ba   0x00000002   PAD
    0x080008bc   0x080008bc   0x000001a8   Code   RO         1084    i.HAL_DMA_Abort_IT  stm32f1xx_hal_dma.o
    0x08000a64   0x08000a64   0x00000340   Code   RO         1180    i.HAL_GPIO_Init     stm32f1xx_hal_gpio.o
    0x08000da4   0x08000da4   0x00000010   Code   RO         1182    i.HAL_GPIO_ReadPin  stm32f1xx_hal_gpio.o
    0x08000db4   0x08000db4   0x0000000c   Code   RO         1184    i.HAL_GPIO_WritePin  stm32f1xx_hal_gpio.o
    0x08000dc0   0x08000dc0   0x0000000c   Code   RO          797    i.HAL_GetTick       stm32f1xx_hal.o
    0x08000dcc   0x08000dcc   0x00000018   Code   RO          803    i.HAL_IncTick       stm32f1xx_hal.o
    0x08000de4   0x08000de4   0x00000028   Code   RO          804    i.HAL_Init          stm32f1xx_hal.o
    0x08000e0c   0x08000e0c   0x0000004c   Code   RO          805    i.HAL_InitTick      stm32f1xx_hal.o
    0x08000e58   0x08000e58   0x00000002   Code   RO          551    i.HAL_MspInit       stm32f1xx_hal_msp_template.o
    0x08000e5a   0x08000e5a   0x00000020   Code   RO          962    i.HAL_NVIC_EnableIRQ  stm32f1xx_hal_cortex.o
    0x08000e7a   0x08000e7a   0x0000007c   Code   RO          968    i.HAL_NVIC_SetPriority  stm32f1xx_hal_cortex.o
    0x08000ef6   0x08000ef6   0x00000002   PAD
    0x08000ef8   0x08000ef8   0x00000028   Code   RO          969    i.HAL_NVIC_SetPriorityGrouping  stm32f1xx_hal_cortex.o
    0x08000f20   0x08000f20   0x0000018c   Code   RO         1405    i.HAL_RCC_ClockConfig  stm32f1xx_hal_rcc.o
    0x080010ac   0x080010ac   0x0000000c   Code   RO         1410    i.HAL_RCC_GetHCLKFreq  stm32f1xx_hal_rcc.o
    0x080010b8   0x080010b8   0x00000020   Code   RO         1412    i.HAL_RCC_GetPCLK1Freq  stm32f1xx_hal_rcc.o
    0x080010d8   0x080010d8   0x00000020   Code   RO         1413    i.HAL_RCC_GetPCLK2Freq  stm32f1xx_hal_rcc.o
    0x080010f8   0x080010f8   0x00000094   Code   RO         1414    i.HAL_RCC_GetSysClockFreq  stm32f1xx_hal_rcc.o
    0x0800118c   0x0800118c   0x00000464   Code   RO         1417    i.HAL_RCC_OscConfig  stm32f1xx_hal_rcc.o
    0x080015f0   0x080015f0   0x00000066   Code   RO         2148    i.HAL_SRAM_Init     stm32f1xx_hal_sram.o
    0x08001656   0x08001656   0x00000002   PAD
    0x08001658   0x08001658   0x00000090   Code   RO         2604    i.HAL_SRAM_MspInit  lcd.o
    0x080016e8   0x080016e8   0x00000034   Code   RO          973    i.HAL_SYSTICK_Config  stm32f1xx_hal_cortex.o
    0x0800171c   0x0800171c   0x00000002   Code   RO         1568    i.HAL_UART_ErrorCallback  stm32f1xx_hal_uart.o
    0x0800171e   0x0800171e   0x00000002   PAD
    0x08001720   0x08001720   0x00000154   Code   RO         1571    i.HAL_UART_IRQHandler  stm32f1xx_hal_uart.o
    0x08001874   0x08001874   0x00000072   Code   RO         1572    i.HAL_UART_Init     stm32f1xx_hal_uart.o
    0x080018e6   0x080018e6   0x00000002   PAD
    0x080018e8   0x080018e8   0x000000b4   Code   RO          709    i.HAL_UART_MspInit  usart.o
    0x0800199c   0x0800199c   0x00000070   Code   RO         1577    i.HAL_UART_Receive_IT  stm32f1xx_hal_uart.o
    0x08001a0c   0x08001a0c   0x0000009c   Code   RO          710    i.HAL_UART_RxCpltCallback  usart.o
    0x08001aa8   0x08001aa8   0x00000002   Code   RO         1583    i.HAL_UART_TxCpltCallback  stm32f1xx_hal_uart.o
    0x08001aaa   0x08001aaa   0x00000004   Code   RO          346    i.HardFault_Handler  stm32f1xx_it.o
    0x08001aae   0x08001aae   0x00000018   Code   RO         3412    i.KEY0_to_skip      util.o
    0x08001ac6   0x08001ac6   0x0000001e   Code   RO         3174    i.LCD_DrawLine      draw_base.o
    0x08001ae4   0x08001ae4   0x00000016   Code   RO         3177    i.LCD_Pow           draw_base.o
    0x08001afa   0x08001afa   0x00000028   Code   RO         3178    i.LCD_ShowString    draw_base.o
    0x08001b22   0x08001b22   0x000000ca   Code   RO         3179    i.LCD_ShowxNum      draw_base.o
    0x08001bec   0x08001bec   0x00000004   Code   RO          347    i.MemManage_Handler  stm32f1xx_it.o
    0x08001bf0   0x08001bf0   0x00000002   Code   RO          348    i.NMI_Handler       stm32f1xx_it.o
    0x08001bf2   0x08001bf2   0x00000002   Code   RO          349    i.PendSV_Handler    stm32f1xx_it.o
    0x08001bf4   0x08001bf4   0x00000028   Code   RO         1418    i.RCC_Delay         stm32f1xx_hal_rcc.o
    0x08001c1c   0x08001c1c   0x00000002   Code   RO          350    i.SVC_Handler       stm32f1xx_it.o
    0x08001c1e   0x08001c1e   0x0000000c   Code   RO          351    i.SysTick_Handler   stm32f1xx_it.o
    0x08001c2a   0x08001c2a   0x00000002   Code   RO          305    i.SystemInit        system_stm32f1xx.o
    0x08001c2c   0x08001c2c   0x00000014   Code   RO         1585    i.UART_DMAAbortOnError  stm32f1xx_hal_uart.o
    0x08001c40   0x08001c40   0x00000020   Code   RO         1595    i.UART_EndRxTransfer  stm32f1xx_hal_uart.o
    0x08001c60   0x08001c60   0x00000020   Code   RO         1596    i.UART_EndTransmit_IT  stm32f1xx_hal_uart.o
    0x08001c80   0x08001c80   0x000000a0   Code   RO         1598    i.UART_Receive_IT   stm32f1xx_hal_uart.o
    0x08001d20   0x08001d20   0x000000fc   Code   RO         1599    i.UART_SetConfig    stm32f1xx_hal_uart.o
    0x08001e1c   0x08001e1c   0x00000060   Code   RO         1600    i.UART_Transmit_IT  stm32f1xx_hal_uart.o
    0x08001e7c   0x08001e7c   0x00000010   Code   RO          711    i.USART1_IRQHandler  usart.o
    0x08001e8c   0x08001e8c   0x00000004   Code   RO          352    i.UsageFault_Handler  stm32f1xx_it.o
    0x08001e90   0x08001e90   0x00000028   Code   RO         3790    i.__ARM_fpclassify  m_ws.l(fpclassify.o)
    0x08001eb8   0x08001eb8   0x00000010   Code   RO          975    i.__NVIC_GetPriorityGrouping  stm32f1xx_hal_cortex.o
    0x08001ec8   0x08001ec8   0x00000028   Code   RO          976    i.__NVIC_SetPriority  stm32f1xx_hal_cortex.o
    0x08001ef0   0x08001ef0   0x00000388   Code   RO         3725    i.__ieee754_rem_pio2  m_ws.l(rred.o)
    0x08002278   0x08002278   0x000000fc   Code   RO         3708    i.__kernel_cos      m_ws.l(cos_i.o)
    0x08002374   0x08002374   0x000000aa   Code   RO         3792    i.__kernel_poly     m_ws.l(poly.o)
    0x0800241e   0x0800241e   0x00000002   PAD
    0x08002420   0x08002420   0x000000ec   Code   RO         3730    i.__kernel_sin      m_ws.l(sin_i.o)
    0x0800250c   0x0800250c   0x00000006   Code   RO         3712    i.__mathlib_dbl_infnan  m_ws.l(dunder.o)
    0x08002512   0x08002512   0x0000000c   Code   RO         3714    i.__mathlib_dbl_invalid  m_ws.l(dunder.o)
    0x0800251e   0x0800251e   0x00000002   PAD
    0x08002520   0x08002520   0x00000010   Code   RO         3717    i.__mathlib_dbl_underflow  m_ws.l(dunder.o)
    0x08002530   0x08002530   0x00000004   Code   RO          713    i._sys_exit         usart.o
    0x08002534   0x08002534   0x00000004   Code   RO          714    i._ttywrch          usart.o
    0x08002538   0x08002538   0x00000064   Code   RO           13    i.all_init          main.o
    0x0800259c   0x0800259c   0x00000096   Code   RO         3300    i.bomb_all_enemy_plane  run.o
    0x08002632   0x08002632   0x00000002   PAD
    0x08002634   0x08002634   0x00000128   Code   RO         3228    i.bomb_effect_demo  rendering.o
    0x0800275c   0x0800275c   0x000000d8   Code   RO         3301    i.check_my_buttles_to_boss_collide  run.o
    0x08002834   0x08002834   0x000000f0   Code   RO         3302    i.check_my_buttles_to_enemy_plane_collide  run.o
    0x08002924   0x08002924   0x000000dc   Code   RO         3303    i.check_my_plane_to_enemy_buttles_collide  run.o
    0x08002a00   0x08002a00   0x00000174   Code   RO         3304    i.check_my_plane_to_enemy_plane_collide  run.o
    0x08002b74   0x08002b74   0x0000007e   Code   RO         3305    i.clear_all_enemy_plane  run.o
    0x08002bf2   0x08002bf2   0x00000024   Code   RO         3229    i.clear_buffer      rendering.o
    0x08002c16   0x08002c16   0x00000084   Code   RO         3230    i.clear_rect        rendering.o
    0x08002c9a   0x08002c9a   0x00000002   PAD
    0x08002c9c   0x08002c9c   0x0000009c   Code   RO         3598    i.cos               m_ws.l(cos.o)
    0x08002d38   0x08002d38   0x00000020   Code   RO         2855    i.debounced_joypad_read  joypad.o
    0x08002d58   0x08002d58   0x0000000c   Code   RO          593    i.delay_init        delay.o
    0x08002d64   0x08002d64   0x00000012   Code   RO          594    i.delay_ms          delay.o
    0x08002d76   0x08002d76   0x00000002   PAD
    0x08002d78   0x08002d78   0x00000048   Code   RO          595    i.delay_us          delay.o
    0x08002dc0   0x08002dc0   0x00000028   Code   RO         3040    i.draw_all_enemy_buttles  gui.o
    0x08002de8   0x08002de8   0x00000026   Code   RO         3041    i.draw_all_enemy_planes  gui.o
    0x08002e0e   0x08002e0e   0x00000026   Code   RO         3042    i.draw_all_my_buttles  gui.o
    0x08002e34   0x08002e34   0x00000040   Code   RO           14    i.draw_all_through_struct  main.o
    0x08002e74   0x08002e74   0x000002d8   Code   RO         3113    i.draw_boss         model.o
    0x0800314c   0x0800314c   0x00000230   Code   RO         3043    i.draw_end          gui.o
    0x0800337c   0x0800337c   0x0000006c   Code   RO         3115    i.draw_enemy_bullet  model.o
    0x080033e8   0x080033e8   0x0000004e   Code   RO         3116    i.draw_enemy_plane  model.o
    0x08003436   0x08003436   0x00000064   Code   RO         2917    i.draw_equal_triangle  graph.o
    0x0800349a   0x0800349a   0x00000002   PAD
    0x0800349c   0x0800349c   0x0000011c   Code   RO         3117    i.draw_heart        model.o
    0x080035b8   0x080035b8   0x0000013c   Code   RO         2919    i.draw_hexagon      graph.o
    0x080036f4   0x080036f4   0x00000074   Code   RO         2920    i.draw_left_triangle  graph.o
    0x08003768   0x08003768   0x0000006c   Code   RO         3118    i.draw_my_bullet    model.o
    0x080037d4   0x080037d4   0x0000004e   Code   RO         3119    i.draw_my_plane     model.o
    0x08003822   0x08003822   0x00000002   PAD
    0x08003824   0x08003824   0x00000164   Code   RO         3044    i.draw_play_all     gui.o
    0x08003988   0x08003988   0x00000088   Code   RO         3045    i.draw_play_title   gui.o
    0x08003a10   0x08003a10   0x000000a8   Code   RO         2921    i.draw_poisson_stars  graph.o
    0x08003ab8   0x08003ab8   0x00000094   Code   RO         2922    i.draw_rectangle    graph.o
    0x08003b4c   0x08003b4c   0x0000006e   Code   RO         2923    i.draw_reversed_equal_triangle  graph.o
    0x08003bba   0x08003bba   0x00000068   Code   RO         2924    i.draw_reversed_left_triangle  graph.o
    0x08003c22   0x08003c22   0x00000084   Code   RO         2925    i.draw_reversed_rectangle  graph.o
    0x08003ca6   0x08003ca6   0x00000068   Code   RO         2926    i.draw_reversed_right_triangle  graph.o
    0x08003d0e   0x08003d0e   0x000000b0   Code   RO         2927    i.draw_reversed_trapezoid  graph.o
    0x08003dbe   0x08003dbe   0x00000074   Code   RO         2928    i.draw_right_triangle  graph.o
    0x08003e32   0x08003e32   0x00000002   PAD
    0x08003e34   0x08003e34   0x00000074   Code   RO         2929    i.draw_star         graph.o
    0x08003ea8   0x08003ea8   0x00000094   Code   RO         3046    i.draw_start_page   gui.o
    0x08003f3c   0x08003f3c   0x00000074   Code   RO         3047    i.draw_stop         gui.o
    0x08003fb0   0x08003fb0   0x000000d4   Code   RO         2930    i.draw_trapezoid    graph.o
    0x08004084   0x08004084   0x0000001c   Code   RO          715    i.fputc             usart.o
    0x080040a0   0x080040a0   0x0000005c   Code   RO         3306    i.generate_boss_buttles  run.o
    0x080040fc   0x080040fc   0x00000064   Code   RO         3307    i.generate_enemy_buttles  run.o
    0x08004160   0x08004160   0x00000058   Code   RO         3308    i.generate_enemy_planes  run.o
    0x080041b8   0x080041b8   0x00000078   Code   RO         3232    i.init_frame_buffers  rendering.o
    0x08004230   0x08004230   0x000000a8   Code   RO           15    i.init_interface_info  main.o
    0x080042d8   0x080042d8   0x000000a0   Code   RO           16    i.init_interface_info_second_time  main.o
    0x08004378   0x08004378   0x000000d8   Code   RO         3048    i.init_play_interface  gui.o
    0x08004450   0x08004450   0x000000a0   Code   RO         2857    i.joypad_Scan       joypad.o
    0x080044f0   0x080044f0   0x00000010   Code   RO         2858    i.joypad_delay      joypad.o
    0x08004500   0x08004500   0x000000ac   Code   RO         2859    i.joypad_init       joypad.o
    0x080045ac   0x080045ac   0x0000008c   Code   RO         2860    i.joypad_read       joypad.o
    0x08004638   0x08004638   0x00000034   Code   RO         2605    i.lcd_clear         lcd.o
    0x0800466c   0x0800466c   0x0000016c   Code   RO         2607    i.lcd_display_dir   lcd.o
    0x080047d8   0x080047d8   0x000000aa   Code   RO         2610    i.lcd_draw_circle   lcd.o
    0x08004882   0x08004882   0x000000ac   Code   RO         2612    i.lcd_draw_line     lcd.o
    0x0800492e   0x0800492e   0x00000002   PAD
    0x08004930   0x08004930   0x00000020   Code   RO         2613    i.lcd_draw_point    lcd.o
    0x08004950   0x08004950   0x0000022c   Code   RO         2615    i.lcd_ex_ili9341_reginit  lcd.o
    0x08004b7c   0x08004b7c   0x00000340   Code   RO         2616    i.lcd_ex_ili9806_reginit  lcd.o
    0x08004ebc   0x08004ebc   0x00000ef2   Code   RO         2617    i.lcd_ex_nt35310_reginit  lcd.o
    0x08005dae   0x08005dae   0x00000f6e   Code   RO         2618    i.lcd_ex_nt35510_reginit  lcd.o
    0x08006d1c   0x08006d1c   0x0000016e   Code   RO         2619    i.lcd_ex_ssd1963_reginit  lcd.o
    0x08006e8a   0x08006e8a   0x000001a8   Code   RO         2620    i.lcd_ex_st7789_reginit  lcd.o
    0x08007032   0x08007032   0x000001c6   Code   RO         2621    i.lcd_ex_st7796_reginit  lcd.o
    0x080071f8   0x080071f8   0x00000054   Code   RO         2622    i.lcd_fill          lcd.o
    0x0800724c   0x0800724c   0x00000468   Code   RO         2624    i.lcd_init          lcd.o
    0x080076b4   0x080076b4   0x0000000c   Code   RO         2625    i.lcd_opt_delay     lcd.o
    0x080076c0   0x080076c0   0x00000018   Code   RO         2627    i.lcd_rd_data       lcd.o
    0x080076d8   0x080076d8   0x0000023c   Code   RO         2629    i.lcd_scan_dir      lcd.o
    0x08007914   0x08007914   0x00000120   Code   RO         2630    i.lcd_set_cursor    lcd.o
    0x08007a34   0x08007a34   0x00000140   Code   RO         2632    i.lcd_show_char     lcd.o
    0x08007b74   0x08007b74   0x0000006a   Code   RO         2634    i.lcd_show_string   lcd.o
    0x08007bde   0x08007bde   0x00000002   PAD
    0x08007be0   0x08007be0   0x00000054   Code   RO         2636    i.lcd_ssd_backlight_set  lcd.o
    0x08007c34   0x08007c34   0x00000018   Code   RO         2637    i.lcd_wr_data       lcd.o
    0x08007c4c   0x08007c4c   0x00000018   Code   RO         2638    i.lcd_wr_regno      lcd.o
    0x08007c64   0x08007c64   0x00000014   Code   RO         2639    i.lcd_write_ram_prepare  lcd.o
    0x08007c78   0x08007c78   0x00000010   Code   RO         2640    i.lcd_write_reg     lcd.o
    0x08007c88   0x08007c88   0x00000090   Code   RO         2580    i.led_init          led.o
    0x08007d18   0x08007d18   0x00000230   Code   RO           17    i.main              main.o
    0x08007f48   0x08007f48   0x000000e0   Code   RO         3309    i.move_boss         run.o
    0x08008028   0x08008028   0x0000000c   Code   RO         3233    i.set_render_target  rendering.o
    0x08008034   0x08008034   0x000000a0   Code   RO         3606    i.sin               m_ws.l(sin.o)
    0x080080d4   0x080080d4   0x0000002c   Code   RO         3234    i.swap_buffers      rendering.o
    0x08008100   0x08008100   0x000000fc   Code   RO         3310    i.switch_my_act     run.o
    0x080081fc   0x080081fc   0x00000066   Code   RO          642    i.sys_stm32_clock_init  sys.o
    0x08008262   0x08008262   0x00000002   PAD
    0x08008264   0x08008264   0x00000020   Code   RO         2932    i.time              graph.o
    0x08008284   0x08008284   0x00000070   Code   RO         3311    i.update_enemy_buttles  run.o
    0x080082f4   0x080082f4   0x0000006e   Code   RO         3312    i.update_enemy_planes  run.o
    0x08008362   0x08008362   0x00000068   Code   RO         3313    i.update_my_buttles  run.o
    0x080083ca   0x080083ca   0x00000002   PAD
    0x080083cc   0x080083cc   0x00000010   Code   RO         2933    i.update_sys_tick   graph.o
    0x080083dc   0x080083dc   0x00000038   Code   RO          716    i.usart_init        usart.o
    0x08008414   0x08008414   0x00000150   Code   RO         3561    x$fpl$dadd          fz_ws.l(daddsub_clz.o)
    0x08008564   0x08008564   0x00000010   Code   RO         3818    x$fpl$dcheck1       fz_ws.l(dcheck1.o)
    0x08008574   0x08008574   0x000002b0   Code   RO         3783    x$fpl$ddiv          fz_ws.l(ddiv.o)
    0x08008824   0x08008824   0x0000005e   Code   RO         3567    x$fpl$dfix          fz_ws.l(dfix.o)
    0x08008882   0x08008882   0x00000002   PAD
    0x08008884   0x08008884   0x0000005a   Code   RO         3571    x$fpl$dfixu         fz_ws.l(dfixu.o)
    0x080088de   0x080088de   0x0000002e   Code   RO         3576    x$fpl$dflt          fz_ws.l(dflt_clz.o)
    0x0800890c   0x0800890c   0x00000026   Code   RO         3575    x$fpl$dfltu         fz_ws.l(dflt_clz.o)
    0x08008932   0x08008932   0x00000002   PAD
    0x08008934   0x08008934   0x00000154   Code   RO         3581    x$fpl$dmul          fz_ws.l(dmul.o)
    0x08008a88   0x08008a88   0x0000009c   Code   RO         3699    x$fpl$dnaninf       fz_ws.l(dnaninf.o)
    0x08008b24   0x08008b24   0x0000000c   Code   RO         3701    x$fpl$dretinf       fz_ws.l(dretinf.o)
    0x08008b30   0x08008b30   0x00000016   Code   RO         3562    x$fpl$drsb          fz_ws.l(daddsub_clz.o)
    0x08008b46   0x08008b46   0x00000002   PAD
    0x08008b48   0x08008b48   0x000001d4   Code   RO         3563    x$fpl$dsub          fz_ws.l(daddsub_clz.o)
    0x08008d1c   0x08008d1c   0x00000056   Code   RO         3583    x$fpl$f2d           fz_ws.l(f2d.o)
    0x08008d72   0x08008d72   0x00000002   PAD
    0x08008d74   0x08008d74   0x00000184   Code   RO         3586    x$fpl$fdiv          fz_ws.l(fdiv.o)
    0x08008ef8   0x08008ef8   0x00000030   Code   RO         3590    x$fpl$fflt          fz_ws.l(fflt_clz.o)
    0x08008f28   0x08008f28   0x00000102   Code   RO         3595    x$fpl$fmul          fz_ws.l(fmul.o)
    0x0800902a   0x0800902a   0x0000008c   Code   RO         3703    x$fpl$fnaninf       fz_ws.l(fnaninf.o)
    0x080090b6   0x080090b6   0x0000000a   Code   RO         3705    x$fpl$fretinf       fz_ws.l(fretinf.o)
    0x080090c0   0x080090c0   0x00000064   Code   RO         3846    x$fpl$retnan        fz_ws.l(retnan.o)
    0x08009124   0x08009124   0x0000005c   Code   RO         3788    x$fpl$scalbn        fz_ws.l(scalbn.o)
    0x08009180   0x08009180   0x00000030   Code   RO         3857    x$fpl$trapveneer    fz_ws.l(trapv.o)
    0x080091b0   0x080091b0   0x00000000   Code   RO         3707    x$fpl$usenofp       fz_ws.l(usenofp.o)
    0x080091b0   0x080091b0   0x00000018   Data   RO          306    .constdata          system_stm32f1xx.o
    0x080091c8   0x080091c8   0x00002f80   Data   RO         2642    .constdata          lcd.o
    0x0800c148   0x0800c148   0x00000006   Data   RO         3235    .constdata          rendering.o
    0x0800c14e   0x0800c14e   0x00000028   Data   RO         3509    .constdata          c_w.l(_printf_hex_int.o)
    0x0800c176   0x0800c176   0x00000002   PAD
    0x0800c178   0x0800c178   0x00000030   Data   RO         3709    .constdata          m_ws.l(cos_i.o)
    0x0800c1a8   0x0800c1a8   0x000000c8   Data   RO         3727    .constdata          m_ws.l(rred.o)
    0x0800c270   0x0800c270   0x00000028   Data   RO         3731    .constdata          m_ws.l(sin_i.o)
    0x0800c298   0x0800c298   0x00000020   Data   RO         3878    Region$$Table       anon$$obj.o


    Execution Region RW_IRAM1 (Exec base: 0x20000000, Load base: 0x0800c2b8, Size: 0x00001988, Max: 0x00010000, ABSOLUTE)

    Exec Addr    Load Addr    Size         Type   Attr      Idx    E Section Name        Object

    0x20000000   0x0800c2b8   0x00000004   Data   RW          307    .data               system_stm32f1xx.o
    0x20000004   0x0800c2bc   0x00000004   Data   RW          596    .data               delay.o
    0x20000008   0x0800c2c0   0x00000007   Data   RW          718    .data               usart.o
    0x2000000f   0x0800c2c7   0x00000001   PAD
    0x20000010   0x0800c2c8   0x00000009   Data   RW          811    .data               stm32f1xx_hal.o
    0x20000019   0x0800c2d1   0x00000003   PAD
    0x2000001c   0x0800c2d4   0x00000008   Data   RW         2643    .data               lcd.o
    0x20000024   0x0800c2dc   0x00000005   Data   RW         2862    .data               joypad.o
    0x20000029   0x0800c2e1   0x00000003   PAD
    0x2000002c   0x0800c2e4   0x00000034   Data   RW         2934    .data               graph.o
    0x20000060   0x0800c318   0x00000020   Data   RW         3049    .data               gui.o
    0x20000080   0x0800c338   0x00000004   Data   RW         3236    .data               rendering.o
    0x20000084   0x0800c33c   0x00000010   Data   RW         3314    .data               run.o
    0x20000094        -       0x0000104c   Zero   RW           18    .bss                main.o
    0x200010e0        -       0x00000108   Zero   RW          717    .bss                usart.o
    0x200011e8        -       0x00000056   Zero   RW         2641    .bss                lcd.o
    0x2000123e   0x0800c34c   0x00000002   PAD
    0x20001240        -       0x000000e4   Zero   RW         3550    .bss                c_w.l(rand.o)
    0x20001324        -       0x00000060   Zero   RW         3737    .bss                c_w.l(libspace.o)
    0x20001384   0x0800c34c   0x00000004   PAD
    0x20001388        -       0x00000200   Zero   RW            2    HEAP                startup_stm32f103xe.o
    0x20001588        -       0x00000400   Zero   RW            1    STACK               startup_stm32f103xe.o


==============================================================================

Image component sizes


      Code (inc. data)   RO Data    RW Data    ZI Data      Debug   Object Name

       102         10          0          4          0       1867   delay.o
       294          0          0          0          0       2865   draw_base.o
      1966         26          0         52          0      12328   graph.o
      1648        236          0         32          0       6300   gui.o
       520         30          0          5          0       3856   joypad.o
     14044        176      12160          8         86      26560   lcd.o
       144         12          0          0          0        915   led.o
      1052         84          0          0       4172     467744   main.o
      1384         16          0          0          0       3961   model.o
       640         14          6          4          0       5723   rendering.o
      2406         40          0         16          0      11721   run.o
        64         26        304          0       1536        932   startup_stm32f103xe.o
       152         32          0          9          0       5945   stm32f1xx_hal.o
       304         22          0          0          0      29487   stm32f1xx_hal_cortex.o
       424         10          0          0          0       1247   stm32f1xx_hal_dma.o
       860         40          0          0          0       3367   stm32f1xx_hal_gpio.o
         2          0          0          0          0        506   stm32f1xx_hal_msp_template.o
      1784        110          0          0          0       6080   stm32f1xx_hal_rcc.o
       102          0          0          0          0       1216   stm32f1xx_hal_sram.o
      1162         10          0          0          0       7803   stm32f1xx_hal_uart.o
        36          0          0          0          0       3934   stm32f1xx_it.o
       254         10          0          0          0       3863   stm32f1xx_ll_fsmc.o
       102          0          0          0          0        715   sys.o
         2          0         24          4          0       1355   system_stm32f1xx.o
       444         56          0          7        264       5948   usart.o
        24          0          0          0          0        475   util.o

    ----------------------------------------------------------------------
     29946        960      12526        148       6060     616713   Object Totals
         0          0         32          0          0          0   (incl. Generated)
        30          0          0          7          2          0   (incl. Padding)

    ----------------------------------------------------------------------

      Code (inc. data)   RO Data    RW Data    ZI Data      Debug   Library Member Name

         8          0          0          0          0         68   __main.o
       104          0          0          0          0         84   __printf.o
         0          0          0          0          0          0   __rtentry.o
        12          0          0          0          0          0   __rtentry2.o
         6          0          0          0          0          0   __rtentry4.o
        52          8          0          0          0          0   __scatter.o
        26          0          0          0          0          0   __scatter_copy.o
        28          0          0          0          0          0   __scatter_zi.o
        48          6          0          0          0         96   _printf_char_common.o
        36          4          0          0          0         80   _printf_char_file.o
        88          4         40          0          0         88   _printf_hex_int.o
       178          0          0          0          0         88   _printf_intcommon.o
         0          0          0          0          0          0   _printf_percent.o
         4          0          0          0          0          0   _printf_percent_end.o
         6          0          0          0          0          0   _printf_x.o
        22          0          0          0          0        100   _rserrno.o
        10          0          0          0          0         68   defsig_exit.o
        50          0          0          0          0         88   defsig_general.o
        80         58          0          0          0         76   defsig_rtmem_inner.o
        14          0          0          0          0         80   defsig_rtmem_outer.o
        18          0          0          0          0         80   exit.o
         8          0          0          0          0         68   ferror.o
        94          0          0          0          0         80   h1_alloc.o
        52          0          0          0          0         68   h1_extend.o
        78          0          0          0          0         80   h1_free.o
        14          0          0          0          0         84   h1_init.o
         6          0          0          0          0        152   heapauxi.o
         4          0          0          0          0        136   hguard.o
       138          0          0          0          0        168   init_alloc.o
         2          0          0          0          0          0   libinit.o
        14          0          0          0          0          0   libinit2.o
         2          0          0          0          0          0   libshutdown.o
         2          0          0          0          0          0   libshutdown2.o
         8          4          0          0         96         68   libspace.o
         0          0          0          0          0          0   maybetermalloc1.o
        24          4          0          0          0         84   noretval__2printf.o
       112         18          0          0        228        160   rand.o
         8          4          0          0          0         68   rt_errno_addr_intlibspace.o
         8          4          0          0          0         68   rt_heap_descriptor_intlibspace.o
        68          0          0          0          0         68   rt_memclr.o
        78          0          0          0          0         80   rt_memclr_w.o
         2          0          0          0          0          0   rtexit.o
        10          0          0          0          0          0   rtexit2.o
        74          0          0          0          0         80   sys_stackheap_outer.o
         2          0          0          0          0         68   use_no_semi.o
         2          0          0          0          0         68   use_no_semi_2.o
       826         16          0          0          0        348   daddsub_clz.o
        16          4          0          0          0         68   dcheck1.o
       688        140          0          0          0        208   ddiv.o
        94          4          0          0          0         92   dfix.o
        90          4          0          0          0         92   dfixu.o
        84          0          0          0          0        136   dflt_clz.o
       340         12          0          0          0        104   dmul.o
       156          4          0          0          0         92   dnaninf.o
        12          0          0          0          0         68   dretinf.o
        86          4          0          0          0         84   f2d.o
       388         76          0          0          0         96   fdiv.o
        48          0          0          0          0         68   fflt_clz.o
       258          4          0          0          0         84   fmul.o
       140          4          0          0          0         84   fnaninf.o
        10          0          0          0          0         68   fretinf.o
       100          0          0          0          0         68   retnan.o
        92          0          0          0          0         68   scalbn.o
        48          0          0          0          0         68   trapv.o
         0          0          0          0          0          0   usenofp.o
       156          8          0          0          0        104   cos.o
       252         22         48          0          0        124   cos_i.o
        34          6          0          0          0        204   dunder.o
        40          0          0          0          0         68   fpclassify.o
       170          0          0          0          0         96   poly.o
       904         76        200          0          0        140   rred.o
       160         10          0          0          0        108   sin.o
       236         12         40          0          0        128   sin_i.o

    ----------------------------------------------------------------------
      7046        520        330          0        328       5512   Library Totals
        18          0          2          0          4          0   (incl. Padding)

    ----------------------------------------------------------------------

      Code (inc. data)   RO Data    RW Data    ZI Data      Debug   Library Name

      1600        114         40          0        324       2644   c_w.l
      3476        272          0          0          0       1896   fz_ws.l
      1952        134        288          0          0        972   m_ws.l

    ----------------------------------------------------------------------
      7046        520        330          0        328       5512   Library Totals

    ----------------------------------------------------------------------

==============================================================================


      Code (inc. data)   RO Data    RW Data    ZI Data      Debug   

     36992       1480      12856        148       6388     611665   Grand Totals
     36992       1480      12856        148       6388     611665   ELF Image Totals
     36992       1480      12856        148          0          0   ROM Totals

==============================================================================

    Total RO  Size (Code + RO Data)                49848 (  48.68kB)
    Total RW  Size (RW Data + ZI Data)              6536 (   6.38kB)
    Total ROM Size (Code + RO Data + RW Data)      49996 (  48.82kB)

==============================================================================

